super
The book is not in the library.
The book is not in the library.
The book is not in the library.
The definition is not in the book.
Name:Dictionar HIN-TR Rating:2.000 Purchases:2
drown
blushing
The book is borrowed.
The book is not in the library.
Name:Dictionar NOR-ESP Rating:0.000 Purchases:0
shape
Name:Dictionar HIN-TR Rating:2.800 Purchases:10
writer
Name:Dictionar EN-RUS Rating:0.000 Purchases:0
The book is not in the library.
User is already registered.
You have already borrowed a book.
The book is not in the library.
plant
You have already borrowed a book.
Name:Dictionar TR-HIN Rating:2.250 Purchases:8
Name:Dictionar EN-RUS Rating:3.000 Purchases:2
The book is not in the library.
The book is not in the library.
rabid
Name:Dictionar EN-RUS Rating:3.000 Purchases:2
blushing
Name:Dictionar IND-RUS Rating:3.000 Purchases:1
The book is not in the library.
The definition is not in the book.
borrow
Name:Dictionar TR-HIN Rating:2.182 Purchases:11
escape
You have already borrowed a book.
Name:Dictionar RO-RUS Rating:2.250 Purchases:4
You have already borrowed a book.
The book is not in the library.
The book is not in the library.
three
Name:Dictionar HIN-TR Rating:3.059 Purchases:17
Name:Dictionar JPN-RUS Rating:0.000 Purchases:0
The book is not in the library.
like
cheerful
eggs
The book is not in the library.
Books ranking:
1. Name:Dictionar HIN-POR Rating:4.500 Purchases:4
2. Name:Dictionar GR-POR Rating:4.000 Purchases:5
3. Name:Dictionar IND-RUS Rating:3.667 Purchases:3
4. Name:Dictionar NOR-ESP Rating:3.600 Purchases:5
5. Name:Dictionar HIN-TR Rating:3.059 Purchases:17
6. Name:Dictionar AR-IND Rating:2.500 Purchases:2
7. Name:Dictionar TR-HIN Rating:2.417 Purchases:12
8. Name:Dictionar RO-RUS Rating:2.200 Purchases:5
9. Name:Dictionar GR-TR Rating:0.000 Purchases:0
10. Name:Dictionar HIN-KR Rating:0.000 Purchases:0
11. Name:Dictionar JPN-RUS Rating:0.000 Purchases:0
12. Name:Dictionar TR-IT Rating:0.000 Purchases:0
Users ranking:
1. Name:Cosette Points:126
2. Name:Gilbert Points:123
3. Name:Eastwood Points:113
4. Name:Arroyo Points:100
5. Name:Ergle Points:100
6. Name:Hinton Points:100
7. Name:Konitzer Points:100
8. Name:Lacey Points:92
9. Name:Zornow Points:82
10. Name:Burns Points:51
11. Name:Kora Points:45
12. Name:Angela Points:31
13. Name:Jenna Points:9
