You are not registered yet.
grotesque
Name:Dictionar CHN-GR Rating:4.000 Purchases:1
Name:Dictionar CHN-GR Rating:4.000 Purchases:1
User is already registered.
gaze
User is already registered.
User is already registered.
User is already registered.
The book is not in the library.
arrest
The book is not in the library.
The book is not in the library.
The book is not in the library.
The definition is not in the book.
Name:Dictionar JPN-RUS Rating:1.000 Purchases:1
Books ranking:
1. Name:Dictionar JPN-RUS Rating:2.000 Purchases:2
Users ranking:
1. Name:Ardrey Points:102
2. Name:Halli Points:88
3. Name:Williamson Points:46
