Name:Dictionar HIN-JPN Rating:0.000 Purchases:0
Name:Dictionar HIN-JPN Rating:0.000 Purchases:0
Name:Dictionar HIN-JPN Rating:0.000 Purchases:0
The book is not in the library.
The book is not in the library.
Name:Dictionar HIN-JPN Rating:0.000 Purchases:0
Name:Dictionar HIN-JPN Rating:4.000 Purchases:1
own
You have already borrowed a book.
Name:Dictionar ESP-IT Rating:0.000 Purchases:0
calendar
defeated
Name:Dictionar AR-FR Rating:3.500 Purchases:2
The book is not in the library.
Name:Dictionar ESP-IT Rating:0.000 Purchases:0
Name:Dictionar GR-FR Rating:0.000 Purchases:0
The book is not in the library.
The definition is not in the book.
Name:Dictionar HIN-JPN Rating:2.667 Purchases:3
The book is not in the library.
You have already borrowed a book.
The book is not in the library.
The definition is not in the book.
The book is not in the library.
horses
school
The book is not in the library.
Name:Dictionar FR-ESP Rating:0.000 Purchases:0
mom
The book is not in the library.
User is already registered.
calendar
attach
Name:Dictionar TR-RO Rating:4.500 Purchases:2
rich
Name:Dictionar EN-TR Rating:1.000 Purchases:1
inconclusive
Name:Dictionar GR-FR Rating:3.333 Purchases:3
The user Duffy has been banned from this library.
The definition is not in the book.
Name:Dictionar HIN-JPN Rating:3.167 Purchases:6
User is already registered.
You are banned from this library.
The definition is not in the book.
impress
User is already registered.
User is already registered.
Name:Dictionar AR-GR Rating:3.000 Purchases:2
The book is not in the library.
rich
The book is not in the library.
User is already registered.
The book is not in the library.
User is already registered.
The book is not in the library.
You are banned from this library.
The definition is not in the book.
The definition is not in the book.
Name:Dictionar HIN-JPN Rating:2.857 Purchases:7
The book is not in the library.
The book is not in the library.
Name:Dictionar HIN-JPN Rating:2.857 Purchases:7
The user Brandon has been banned from this library.
The user Don has been banned from this library.
Name:Dictionar RUS-IND Rating:2.000 Purchases:1
The user Bonilla has been banned from this library.
Name:Dictionar RUS-IND Rating:2.000 Purchases:1
The book is borrowed.
User is already registered.
The book is not in the library.
Name:Dictionar ESP-IT Rating:2.857 Purchases:7
Name:Dictionar AR-CHN Rating:0.000 Purchases:0
The user Dudley has been banned from this library.
side
User is already registered.
Name:Dictionar NOR-HNG Rating:3.333 Purchases:3
User is already registered.
yarn
The book is not in the library.
The book is not in the library.
bag
rose
Name:Dictionar TR-GR Rating:0.000 Purchases:0
You are banned from this library.
The book is not in the library.
Name:Dictionar TR-GR Rating:0.000 Purchases:0
The user Cornelle has been banned from this library.
Name:Dictionar RUS-NOR Rating:0.000 Purchases:0
Name:Dictionar HIN-HNG Rating:5.000 Purchases:1
Name:Dictionar NOR-HNG Rating:3.333 Purchases:3
Name:Dictionar RUS-GR Rating:1.000 Purchases:1
Name:Dictionar EN-TR Rating:2.125 Purchases:8
Name:Dictionar RUS-IT Rating:5.000 Purchases:1
User is already registered.
The definition is not in the book.
The user Wilkerson has been banned from this library.
whole
The book is not in the library.
Name:Dictionar ESP-TR Rating:0.000 Purchases:0
The user Flo has been banned from this library.
The user Betty has been banned from this library.
You are banned from this library.
The user Shelley has been banned from this library.
Name:Dictionar RUS-IT Rating:5.000 Purchases:1
User is already registered.
Name:Dictionar JPN-TR Rating:1.333 Purchases:3
arrogant
Name:Dictionar ESP-NOR Rating:5.000 Purchases:2
Name:Dictionar RUS-IT Rating:5.000 Purchases:1
Name:Dictionar HIN-GR Rating:5.000 Purchases:1
Name:Dictionar HIN-GR Rating:5.000 Purchases:1
Name:Dictionar NOR-HNG Rating:3.500 Purchases:4
The book is not in the library.
Name:Dictionar GR-EN Rating:2.500 Purchases:2
User is already registered.
The definition is not in the book.
The book is not in the library.
peaceful
The definition is not in the book.
Name:Dictionar RUS-NOR Rating:4.000 Purchases:1
The book is borrowed.
Name:Dictionar ESP-NOR Rating:5.000 Purchases:2
new
new
selective
close
Name:Dictionar NOR-IT Rating:0.000 Purchases:0
quiver
The definition is not in the book.
Name:Dictionar POR-ESP Rating:5.000 Purchases:1
deranged
The user Jodi has been banned from this library.
The book is not in the library.
punish
You are banned from this library.
Name:Dictionar RUS-IT Rating:4.000 Purchases:2
User is already registered.
Name:Dictionar NOR-IT Rating:0.000 Purchases:0
Name:Dictionar DTH-FR Rating:0.000 Purchases:0
The user Shelby has been banned from this library.
The definition is not in the book.
The book is not in the library.
You are banned from this library.
Name:Dictionar KR-ESP Rating:1.000 Purchases:1
The user MacMillen has been banned from this library.
Name:Dictionar ESP-IT Rating:3.222 Purchases:9
Name:Dictionar GR-IT Rating:4.667 Purchases:3
The user Destiny has been banned from this library.
Name:Dictionar RUS-IND Rating:2.600 Purchases:5
Name:Dictionar TR-DTH Rating:0.000 Purchases:0
hard
The user Carolyn has been banned from this library.
The book is not in the library.
sneaky
The book is borrowed.
User is already registered.
User is already registered.
Name:Dictionar ESP-IND Rating:0.000 Purchases:0
User is already registered.
You are not registered yet.
You are banned from this library.
Name:Dictionar HIN-JPN Rating:3.091 Purchases:11
The book is not in the library.
Name:Dictionar GR-EN Rating:2.500 Purchases:4
Name:Dictionar GR-IT Rating:4.667 Purchases:3
Name:Dictionar POR-DTH Rating:3.143 Purchases:7
Name:Dictionar HIN-JPN Rating:3.091 Purchases:11
The user Henrik has been banned from this library.
Name:Dictionar POR-IND Rating:4.333 Purchases:3
The user Sara has been banned from this library.
futuristic
The book is borrowed.
Name:Dictionar AR-FR Rating:2.462 Purchases:13
The user Moise has been banned from this library.
Name:Dictionar GR-FR Rating:5.000 Purchases:1
Name:Dictionar POR-DTH Rating:3.143 Purchases:7
penitent
The user Arvie has been banned from this library.
cut
Name:Dictionar IT-JPN Rating:1.000 Purchases:1
Name:Dictionar RUS-EN Rating:3.500 Purchases:2
Name:Dictionar GR-EN Rating:3.167 Purchases:6
wrist
You are not registered yet.
User is already registered.
User is already registered.
The user Kylie has been banned from this library.
The user Luce has been banned from this library.
Name:Dictionar IT-JPN Rating:1.000 Purchases:1
high
whisper
The book is not in the library.
horn
rich
The book is not in the library.
User is already registered.
Name:Dictionar ESP-TR Rating:0.000 Purchases:0
The book is not in the library.
Name:Dictionar POR-ESP Rating:4.667 Purchases:3
The user Chock has been banned from this library.
The book is not in the library.
Name:Dictionar DTH-GR Rating:2.667 Purchases:3
Name:Dictionar ESP-IND Rating:1.000 Purchases:1
Name:Dictionar JPN-HIN Rating:0.000 Purchases:0
The user Zeke has been banned from this library.
Name:Dictionar HIN-JPN Rating:3.385 Purchases:13
Name:Dictionar POR-IND Rating:4.333 Purchases:3
obsequious
Name:Dictionar RUS-IND Rating:2.625 Purchases:8
You are banned from this library.
The user Mcintyre has been banned from this library.
Name:Dictionar RO-IND Rating:0.000 Purchases:0
Name:Dictionar HIN-NOR Rating:5.000 Purchases:1
Name:Dictionar NOR-JPN Rating:0.000 Purchases:0
Name:Dictionar HNG-KR Rating:3.000 Purchases:9
Name:Dictionar EN-AR Rating:0.000 Purchases:0
Name:Dictionar AR-FR Rating:2.429 Purchases:14
practice
Name:Dictionar FR-IND Rating:0.000 Purchases:0
You have already borrowed a book.
stew
Name:Dictionar RO-IND Rating:0.000 Purchases:0
The user Melanie has been banned from this library.
Name:Dictionar RUS-NOR Rating:3.600 Purchases:5
Name:Dictionar EN-TR Rating:2.571 Purchases:14
The book is not in the library.
The definition is not in the book.
The user Whitaker has been banned from this library.
You have already borrowed a book.
Name:Dictionar AR-CHN Rating:5.000 Purchases:1
yard
business
The book is not in the library.
The user Roberson has been banned from this library.
The book is not in the library.
The definition is not in the book.
User is already registered.
The book is not in the library.
addition
The definition is not in the book.
The book is not in the library.
The user Mcneil has been banned from this library.
The book is not in the library.
Name:Dictionar EN-RUS Rating:0.000 Purchases:0
The book is not in the library.
Name:Dictionar RUS-EN Rating:4.000 Purchases:4
The user Crane has been banned from this library.
The definition is not in the book.
The book is borrowed.
The book is not in the library.
Name:Dictionar HNG-TR Rating:2.500 Purchases:2
The user Rogers has been banned from this library.
You are banned from this library.
rain
Name:Dictionar JPN-IND Rating:2.333 Purchases:3
Name:Dictionar GR-FR Rating:3.000 Purchases:4
The user Joya has been banned from this library.
Name:Dictionar GR-IT Rating:4.000 Purchases:8
You are banned from this library.
You are banned from this library.
The definition is not in the book.
grotesque
skip
The book is not in the library.
The definition is not in the book.
Name:Dictionar JPN-RO Rating:0.000 Purchases:0
changeable
The book is not in the library.
Name:Dictionar ESP-HIN Rating:2.000 Purchases:1
action
The book is not in the library.
The user McCutchen has been banned from this library.
Name:Dictionar DTH-FR Rating:2.000 Purchases:3
The user Horack has been banned from this library.
Name:Dictionar GR-FR Rating:3.000 Purchases:4
Name:Dictionar TR-DTH Rating:4.000 Purchases:1
Name:Dictionar TR-DTH Rating:4.000 Purchases:1
Name:Dictionar TR-GR Rating:3.250 Purchases:4
Name:Dictionar JPN-KR Rating:1.000 Purchases:1
Name:Dictionar DTH-EN Rating:0.000 Purchases:0
Name:Dictionar JPN-KR Rating:1.000 Purchases:1
The book is not in the library.
The user Harris has been banned from this library.
The definition is not in the book.
The book is borrowed.
You are banned from this library.
flowery
You are not registered yet.
Name:Dictionar EN-IT Rating:3.000 Purchases:1
frail
Name:Dictionar KR-AR Rating:3.333 Purchases:3
Name:Dictionar NOR-HNG Rating:3.750 Purchases:8
Name:Dictionar RUS-IND Rating:2.900 Purchases:10
Name:Dictionar EN-JPN Rating:0.000 Purchases:0
Name:Dictionar JPN-TR Rating:1.667 Purchases:6
profit
The user Swanson has been banned from this library.
The user Autumn has been banned from this library.
The book is not in the library.
Name:Dictionar FR-IND Rating:1.000 Purchases:1
You are banned from this library.
Name:Dictionar DTH-EN Rating:0.000 Purchases:0
hurry
The definition is not in the book.
The book is not in the library.
The book is not in the library.
You have already borrowed a book.
greasy
You have already borrowed a book.
Name:Dictionar HNG-POR Rating:2.600 Purchases:5
impartial
Name:Dictionar AR-RUS Rating:3.500 Purchases:2
The book is not in the library.
The user Chantal has been banned from this library.
You have already borrowed a book.
The user Price has been banned from this library.
The user Mccall has been banned from this library.
The definition is not in the book.
Name:Dictionar JPN-RO Rating:4.000 Purchases:2
The book is borrowed.
User is already registered.
Name:Dictionar GR-IT Rating:4.000 Purchases:8
The user Velez has been banned from this library.
The book is not in the library.
Name:Dictionar ESP-IT Rating:3.300 Purchases:10
Name:Dictionar ESP-IND Rating:2.000 Purchases:3
Name:Dictionar POR-KR Rating:0.000 Purchases:0
Name:Dictionar HIN-KR Rating:0.000 Purchases:0
month
Name:Dictionar HIN-KR Rating:0.000 Purchases:0
User is already registered.
parched
The book is not in the library.
gold
The user Kanya has been banned from this library.
The book is not in the library.
Name:Dictionar EN-RUS Rating:2.000 Purchases:1
The book is not in the library.
ghost
smoggy
The user Chrissa has been banned from this library.
The definition is not in the book.
The book is not in the library.
The user Myrta has been banned from this library.
The user Livingston has been banned from this library.
The definition is not in the book.
Name:Dictionar NOR-POR Rating:2.000 Purchases:1
You are banned from this library.
You are banned from this library.
tempt
downtown
The book is not in the library.
Name:Dictionar GR-DTH Rating:0.000 Purchases:0
The definition is not in the book.
You are not registered yet.
The book is not in the library.
last
The user Waterfield has been banned from this library.
User is already registered.
The book is not in the library.
User is already registered.
The book is borrowed.
The book is not in the library.
marvelous
You are banned from this library.
Name:Dictionar NOR-RO Rating:3.000 Purchases:1
The book is not in the library.
Name:Dictionar FR-IND Rating:3.000 Purchases:2
You are banned from this library.
You are banned from this library.
The book is not in the library.
Name:Dictionar GR-IT Rating:4.000 Purchases:8
You are banned from this library.
The book is not in the library.
The definition is not in the book.
The definition is not in the book.
grain
Name:Dictionar JPN-TR Rating:1.667 Purchases:6
Name:Dictionar GR-AR Rating:0.000 Purchases:0
You are banned from this library.
Name:Dictionar HNG-CHN Rating:4.000 Purchases:1
You are banned from this library.
Name:Dictionar GR-AR Rating:0.000 Purchases:0
You are banned from this library.
You are banned from this library.
The book is not in the library.
scare
The user Wieters has been banned from this library.
The book is not in the library.
Name:Dictionar GR-JPN Rating:3.250 Purchases:4
ragged
Name:Dictionar HIN-NOR Rating:4.500 Purchases:4
The definition is not in the book.
You are banned from this library.
You are banned from this library.
The book is not in the library.
Name:Dictionar TR-GR Rating:3.600 Purchases:5
petite
The book is not in the library.
Name:Dictionar NOR-RO Rating:3.000 Purchases:2
The definition is not in the book.
quilt
You are banned from this library.
The definition is not in the book.
You are banned from this library.
You are banned from this library.
roll
You are banned from this library.
User is already registered.
sudden
Name:Dictionar GR-FR Rating:3.000 Purchases:4
You are not registered yet.
balance
You are banned from this library.
You are banned from this library.
You are banned from this library.
You are banned from this library.
Name:Dictionar ESP-IT Rating:3.300 Purchases:10
You are not registered yet.
The user Ellers has been banned from this library.
nimble
You are banned from this library.
Name:Dictionar DTH-IND Rating:0.000 Purchases:0
The book is borrowed.
entertaining
Name:Dictionar EN-TR Rating:2.562 Purchases:16
The book is not in the library.
The book is borrowed.
You are banned from this library.
The user Colleen has been banned from this library.
You are banned from this library.
The definition is not in the book.
You are banned from this library.
Name:Dictionar TR-EN Rating:5.000 Purchases:1
The user DDS has been banned from this library.
The definition is not in the book.
You are banned from this library.
The book is not in the library.
The user Marchelle has been banned from this library.
The book is not in the library.
The book is not in the library.
The book is not in the library.
sweater
Name:Dictionar POR-DTH Rating:3.222 Purchases:9
frightened
You have already borrowed a book.
Name:Dictionar TR-EN Rating:5.000 Purchases:1
Name:Dictionar FR-HIN Rating:3.000 Purchases:8
Name:Dictionar DTH-HIN Rating:1.000 Purchases:1
You are banned from this library.
The book is not in the library.
The book is not in the library.
You have already borrowed a book.
You are banned from this library.
You are banned from this library.
picayune
The user Amy has been banned from this library.
The book is not in the library.
You are banned from this library.
The book is not in the library.
The definition is not in the book.
Name:Dictionar JPN-TR Rating:1.778 Purchases:9
cover
The book is not in the library.
innocent
You are banned from this library.
Name:Dictionar IT-JPN Rating:2.571 Purchases:7
pathetic
Name:Dictionar EN-TR Rating:2.562 Purchases:16
Name:Dictionar IT-GR Rating:3.000 Purchases:2
You are banned from this library.
You are banned from this library.
Name:Dictionar HNG-CHN Rating:4.000 Purchases:1
The user Proctor has been banned from this library.
The book is not in the library.
You are banned from this library.
Name:Dictionar ESP-IND Rating:2.333 Purchases:6
You are banned from this library.
Name:Dictionar FR-ESP Rating:0.000 Purchases:0
flower
The definition is not in the book.
Name:Dictionar FR-HNG Rating:0.000 Purchases:0
Name:Dictionar NOR-POR Rating:2.000 Purchases:1
The user Jones has been banned from this library.
belligerent
spot
Name:Dictionar GR-FR Rating:3.000 Purchases:4
You have already borrowed a book.
User is already registered.
The definition is not in the book.
User is already registered.
The definition is not in the book.
You have already borrowed a book.
fasten
Name:Dictionar NOR-IND Rating:0.000 Purchases:0
Name:Dictionar IT-JPN Rating:2.750 Purchases:8
The book is not in the library.
Name:Dictionar TR-DTH Rating:3.500 Purchases:4
influence
Name:Dictionar EN-GR Rating:0.000 Purchases:0
The user Flewellen has been banned from this library.
Name:Dictionar HIN-NOR Rating:4.200 Purchases:5
You have already borrowed a book.
The user Nike has been banned from this library.
subtract
User is already registered.
The book is not in the library.
Name:Dictionar POR-RUS Rating:0.000 Purchases:0
Name:Dictionar DTH-HIN Rating:1.000 Purchases:1
The definition is not in the book.
Name:Dictionar DTH-TR Rating:0.000 Purchases:0
Name:Dictionar CHN-NOR Rating:0.000 Purchases:0
flame
You are not registered yet.
Name:Dictionar AR-FR Rating:2.588 Purchases:17
The user Lauter has been banned from this library.
The book is not in the library.
Name:Dictionar POR-ESP Rating:3.500 Purchases:4
The book is not in the library.
The book is borrowed.
faded
The definition is not in the book.
soup
Name:Dictionar TR-POR Rating:0.000 Purchases:0
Name:Dictionar GR-DTH Rating:1.000 Purchases:1
The book is borrowed.
cushion
belligerent
donkey
Name:Dictionar JPN-CHN Rating:2.000 Purchases:4
The book is not in the library.
Name:Dictionar HNG-CHN Rating:4.000 Purchases:1
The book is not in the library.
User is already registered.
You are banned from this library.
You are banned from this library.
Name:Dictionar CHN-NOR Rating:0.000 Purchases:0
Name:Dictionar TR-CHN Rating:0.000 Purchases:0
Name:Dictionar POR-HIN Rating:4.000 Purchases:6
Name:Dictionar AR-RUS Rating:3.667 Purchases:6
The book is not in the library.
You are banned from this library.
Name:Dictionar EN-HIN Rating:2.750 Purchases:4
The definition is not in the book.
occur
The user Mcmahon has been banned from this library.
The definition is not in the book.
You are banned from this library.
Name:Dictionar IT-RUS Rating:0.000 Purchases:0
The book is not in the library.
Name:Dictionar RUS-GR Rating:3.000 Purchases:3
You are banned from this library.
You are banned from this library.
User is already registered.
The definition is not in the book.
The definition is not in the book.
picayune
You are banned from this library.
Name:Dictionar JPN-IND Rating:2.667 Purchases:6
good
uttermost
Name:Dictionar GR-FR Rating:3.000 Purchases:4
The definition is not in the book.
weather
Name:Dictionar IT-RO Rating:3.000 Purchases:3
The user Barron has been banned from this library.
Name:Dictionar CHN-EN Rating:0.000 Purchases:0
You are banned from this library.
Name:Dictionar RO-KR Rating:0.000 Purchases:0
The book is borrowed.
The book is not in the library.
Name:Dictionar FR-RUS Rating:5.000 Purchases:1
Name:Dictionar IT-NOR Rating:0.000 Purchases:0
adjustment
minor
The user Niewald has been banned from this library.
diligent
Name:Dictionar RO-KR Rating:0.000 Purchases:0
Name:Dictionar POR-KR Rating:2.000 Purchases:2
The book is not in the library.
Name:Dictionar GR-IT Rating:3.500 Purchases:12
The book is not in the library.
The book is not in the library.
The book is not in the library.
The definition is not in the book.
Name:Dictionar HIN-KR Rating:3.667 Purchases:3
Name:Dictionar HIN-GR Rating:3.143 Purchases:14
The definition is not in the book.
You have already borrowed a book.
The book is not in the library.
The user McReynolds has been banned from this library.
protect
The book is not in the library.
The book is not in the library.
User is already registered.
User is already registered.
Name:Dictionar DTH-GR Rating:2.833 Purchases:6
Name:Dictionar KR-IND Rating:0.000 Purchases:0
soda
The book is not in the library.
The user Elie has been banned from this library.
User is already registered.
The user Mayda has been banned from this library.
Name:Dictionar AR-JPN Rating:3.500 Purchases:2
User is already registered.
The book is not in the library.
pigs
Name:Dictionar ESP-HNG Rating:3.000 Purchases:5
The book is not in the library.
Name:Dictionar DTH-TR Rating:0.000 Purchases:0
erratic
Name:Dictionar JPN-FR Rating:3.833 Purchases:6
Name:Dictionar EN-IT Rating:4.000 Purchases:3
Name:Dictionar CHN-HNG Rating:3.000 Purchases:1
Name:Dictionar KR-GR Rating:3.000 Purchases:5
The user Look has been banned from this library.
Name:Dictionar JPN-FR Rating:3.833 Purchases:6
Name:Dictionar TR-ESP Rating:5.000 Purchases:2
The book is not in the library.
treat
Name:Dictionar HNG-IND Rating:0.000 Purchases:0
The book is not in the library.
Name:Dictionar IT-RUS Rating:0.000 Purchases:0
scarf
chilly
Name:Dictionar NOR-RO Rating:2.800 Purchases:5
two
You are banned from this library.
The definition is not in the book.
User is already registered.
You are banned from this library.
The definition is not in the book.
Name:Dictionar NOR-KR Rating:3.000 Purchases:1
You are banned from this library.
Name:Dictionar RUS-HNG Rating:0.000 Purchases:0
The user Cooper has been banned from this library.
secretive
Name:Dictionar NOR-CHN Rating:3.250 Purchases:4
Name:Dictionar CHN-GR Rating:2.000 Purchases:2
The user Gabe has been banned from this library.
The book is not in the library.
sofa
Name:Dictionar POR-EN Rating:0.000 Purchases:0
Name:Dictionar GR-IT Rating:3.500 Purchases:12
needy
Name:Dictionar KR-EN Rating:0.000 Purchases:0
Name:Dictionar IT-EN Rating:0.000 Purchases:0
Name:Dictionar EN-JPN Rating:2.875 Purchases:8
You are banned from this library.
You are not registered yet.
Name:Dictionar TR-DTH Rating:3.800 Purchases:5
Name:Dictionar EN-HIN Rating:2.750 Purchases:4
You are banned from this library.
The book is not in the library.
The definition is not in the book.
You are not registered yet.
Name:Dictionar TR-CHN Rating:0.000 Purchases:0
Name:Dictionar EN-IT Rating:4.000 Purchases:3
User is already registered.
Name:Dictionar KR-GR Rating:3.000 Purchases:5
The user Elaine has been banned from this library.
The user Britney has been banned from this library.
The book is not in the library.
The book is not in the library.
Name:Dictionar JPN-KR Rating:2.250 Purchases:4
oceanic
You are banned from this library.
The book is not in the library.
night
You are banned from this library.
You are banned from this library.
The definition is not in the book.
The user Oliver has been banned from this library.
Name:Dictionar POR-RUS Rating:4.000 Purchases:1
You are banned from this library.
The definition is not in the book.
Name:Dictionar JPN-FR Rating:3.429 Purchases:7
pin
Name:Dictionar TR-NOR Rating:5.000 Purchases:1
Name:Dictionar TR-AR Rating:2.500 Purchases:6
The book is borrowed.
The user Martica has been banned from this library.
The book is not in the library.
The definition is not in the book.
The definition is not in the book.
whispering
The definition is not in the book.
The definition is not in the book.
Name:Dictionar RUS-GR Rating:2.200 Purchases:5
The book is borrowed.
The book is not in the library.
User is already registered.
Name:Dictionar JPN-KR Rating:2.800 Purchases:5
The user Riley has been banned from this library.
Name:Dictionar TR-CHN Rating:0.000 Purchases:0
The user Oliveira has been banned from this library.
spectacular
attempt
The book is not in the library.
Name:Dictionar TR-NOR Rating:5.000 Purchases:1
Name:Dictionar TR-AR Rating:2.500 Purchases:6
The user Cybel has been banned from this library.
You are banned from this library.
The book is not in the library.
Name:Dictionar POR-DTH Rating:3.182 Purchases:11
You have already borrowed a book.
Name:Dictionar DTH-HIN Rating:2.500 Purchases:2
Name:Dictionar IT-RUS Rating:0.000 Purchases:0
Name:Dictionar CHN-NOR Rating:3.333 Purchases:3
Name:Dictionar RUS-TR Rating:0.000 Purchases:0
You are banned from this library.
You are banned from this library.
The book is not in the library.
Name:Dictionar AR-RUS Rating:3.200 Purchases:10
You are banned from this library.
Name:Dictionar TR-IND Rating:0.000 Purchases:0
women
User is already registered.
The definition is not in the book.
The user Leblanc has been banned from this library.
You are banned from this library.
You have already borrowed a book.
The book is not in the library.
Name:Dictionar RUS-DTH Rating:0.000 Purchases:0
useless
Name:Dictionar HNG-KR Rating:2.714 Purchases:14
The user Othella has been banned from this library.
Name:Dictionar POR-KR Rating:3.000 Purchases:3
Name:Dictionar FR-IND Rating:3.200 Purchases:10
The book is not in the library.
You are banned from this library.
Name:Dictionar CHN-HIN Rating:0.000 Purchases:0
Name:Dictionar POR-KR Rating:3.000 Purchases:3
table
The user Roddie has been banned from this library.
Name:Dictionar DTH-EN Rating:4.000 Purchases:1
Name:Dictionar RO-RUS Rating:2.667 Purchases:3
You are banned from this library.
The book is not in the library.
The user Rojas has been banned from this library.
new
The user Rosalinde has been banned from this library.
The user Nicolea has been banned from this library.
The book is not in the library.
Name:Dictionar RUS-IT Rating:3.500 Purchases:10
The book is borrowed.
You are not registered yet.
Name:Dictionar CHN-NOR Rating:3.333 Purchases:3
arm
Name:Dictionar FR-ESP Rating:2.000 Purchases:1
The book is not in the library.
The definition is not in the book.
Name:Dictionar EN-IT Rating:4.250 Purchases:4
The book is not in the library.
The book is not in the library.
The user Asbury has been banned from this library.
Name:Dictionar TR-POR Rating:2.000 Purchases:1
The definition is not in the book.
The user Dew has been banned from this library.
Name:Dictionar RUS-TR Rating:0.000 Purchases:0
Name:Dictionar EN-HIN Rating:2.571 Purchases:7
Name:Dictionar RUS-DTH Rating:5.000 Purchases:1
approve
sheet
Name:Dictionar HNG-POR Rating:2.444 Purchases:9
The user Goldwyn has been banned from this library.
cure
Name:Dictionar KR-TR Rating:4.000 Purchases:1
receipt
You are banned from this library.
Name:Dictionar CHN-EN Rating:0.000 Purchases:0
Name:Dictionar DTH-NOR Rating:0.000 Purchases:0
Name:Dictionar AR-HIN Rating:2.500 Purchases:10
The user Newman has been banned from this library.
The definition is not in the book.
Name:Dictionar GR-IT Rating:3.615 Purchases:13
Name:Dictionar JPN-IT Rating:2.000 Purchases:1
Name:Dictionar IT-FR Rating:2.700 Purchases:10
Name:Dictionar EN-HIN Rating:2.625 Purchases:8
sofa
Name:Dictionar POR-ESP Rating:0.000 Purchases:0
Name:Dictionar CHN-GR Rating:2.333 Purchases:6
Name:Dictionar HIN-DTH Rating:0.000 Purchases:0
Name:Dictionar RUS-HNG Rating:3.000 Purchases:1
Name:Dictionar IND-HIN Rating:2.000 Purchases:1
The book is not in the library.
You are banned from this library.
Name:Dictionar GR-AR Rating:2.333 Purchases:3
The book is not in the library.
Name:Dictionar RUS-DTH Rating:5.000 Purchases:1
Name:Dictionar JPN-KR Rating:2.800 Purchases:5
Name:Dictionar POR-NOR Rating:0.000 Purchases:0
The definition is not in the book.
User is already registered.
Name:Dictionar RUS-NOR Rating:3.600 Purchases:10
The definition is not in the book.
You are banned from this library.
Name:Dictionar DTH-GR Rating:2.667 Purchases:9
Name:Dictionar NOR-RO Rating:2.286 Purchases:7
You are banned from this library.
Name:Dictionar HIN-GR Rating:2.944 Purchases:18
idiotic
You are banned from this library.
Name:Dictionar DTH-TR Rating:2.500 Purchases:2
Name:Dictionar IND-EN Rating:4.000 Purchases:1
Name:Dictionar IT-HNG Rating:0.000 Purchases:0
Name:Dictionar NOR-RO Rating:2.286 Purchases:7
You are banned from this library.
The book is not in the library.
The user Morency has been banned from this library.
Name:Dictionar ESP-TR Rating:1.000 Purchases:1
The book is not in the library.
The book is not in the library.
Name:Dictionar KR-EN Rating:3.500 Purchases:2
actually
Name:Dictionar KR-TR Rating:4.000 Purchases:1
The book is not in the library.
You are banned from this library.
Name:Dictionar EN-IND Rating:2.000 Purchases:1
The book is not in the library.
Name:Dictionar POR-HIN Rating:3.857 Purchases:7
Name:Dictionar RUS-EN Rating:2.000 Purchases:2
The book is not in the library.
Name:Dictionar IT-HNG Rating:0.000 Purchases:0
cracker
Name:Dictionar KR-EN Rating:3.500 Purchases:2
You are banned from this library.
ethereal
Name:Dictionar IT-RO Rating:3.000 Purchases:6
Name:Dictionar CHN-DTH Rating:2.429 Purchases:7
User is already registered.
Name:Dictionar POR-ESP Rating:3.000 Purchases:1
The definition is not in the book.
User is already registered.
You have already borrowed a book.
You are banned from this library.
The user Ferrare has been banned from this library.
User is already registered.
program
You are not registered yet.
User is already registered.
The book is not in the library.
The user Steenberg has been banned from this library.
Name:Dictionar DTH-GR Rating:2.500 Purchases:10
You have already borrowed a book.
The definition is not in the book.
Name:Dictionar FR-HIN Rating:2.727 Purchases:11
The definition is not in the book.
carry
maid
The book is not in the library.
You have already borrowed a book.
The definition is not in the book.
Name:Dictionar JPN-FR Rating:3.500 Purchases:8
Name:Dictionar KR-DTH Rating:4.000 Purchases:2
Name:Dictionar POR-KR Rating:3.250 Purchases:4
You are banned from this library.
You are banned from this library.
User is already registered.
Name:Dictionar EN-IND Rating:2.000 Purchases:1
Name:Dictionar KR-DTH Rating:4.000 Purchases:2
Name:Dictionar EN-CHN Rating:0.000 Purchases:0
You are banned from this library.
cynical
User is already registered.
Name:Dictionar NOR-RO Rating:2.286 Purchases:7
User is already registered.
Name:Dictionar TR-FR Rating:3.111 Purchases:9
The definition is not in the book.
The book is not in the library.
You are banned from this library.
User is already registered.
pigs
The user Heggs has been banned from this library.
The definition is not in the book.
You are banned from this library.
The book is not in the library.
You are banned from this library.
The definition is not in the book.
Name:Dictionar CHN-IT Rating:0.000 Purchases:0
User is already registered.
mitten
User is already registered.
The book is not in the library.
You are banned from this library.
Name:Dictionar KR-TR Rating:4.500 Purchases:2
The book is not in the library.
Name:Dictionar IND-POR Rating:0.000 Purchases:0
Name:Dictionar DTH-HIN Rating:1.750 Purchases:4
The definition is not in the book.
Name:Dictionar DTH-NOR Rating:4.000 Purchases:1
You are banned from this library.
The definition is not in the book.
The user Bobine has been banned from this library.
Name:Dictionar HNG-CHN Rating:4.500 Purchases:4
Name:Dictionar JPN-ESP Rating:3.000 Purchases:2
terrific
You are banned from this library.
fairies
You are banned from this library.
The book is not in the library.
Name:Dictionar FR-GR Rating:0.000 Purchases:0
Name:Dictionar RUS-NOR Rating:3.727 Purchases:11
snails
You have already borrowed a book.
The book is not in the library.
The user Frier has been banned from this library.
You are banned from this library.
Name:Dictionar CHN-TR Rating:2.667 Purchases:3
You are banned from this library.
The book is not in the library.
The user Knauth has been banned from this library.
Name:Dictionar DTH-NOR Rating:4.000 Purchases:1
Name:Dictionar EN-CHN Rating:5.000 Purchases:1
User is already registered.
scream
The definition is not in the book.
You have already borrowed a book.
Name:Dictionar GR-CHN Rating:0.000 Purchases:0
You are banned from this library.
User is already registered.
Name:Dictionar HIN-GR Rating:2.944 Purchases:18
The user Randie has been banned from this library.
Name:Dictionar EN-CHN Rating:5.000 Purchases:1
Name:Dictionar HIN-RUS Rating:2.000 Purchases:1
identify
You are banned from this library.
You are banned from this library.
Name:Dictionar CHN-NOR Rating:2.833 Purchases:6
Name:Dictionar KR-HNG Rating:0.000 Purchases:0
The book is not in the library.
You are banned from this library.
The definition is not in the book.
You have already borrowed a book.
Name:Dictionar HNG-KR Rating:2.824 Purchases:17
Name:Dictionar ESP-HNG Rating:2.750 Purchases:12
The definition is not in the book.
Name:Dictionar NOR-ESP Rating:0.000 Purchases:0
goofy
Name:Dictionar HNG-IND Rating:2.500 Purchases:2
cooperative
Name:Dictionar FR-IND Rating:3.308 Purchases:13
Name:Dictionar DTH-ESP Rating:0.000 Purchases:0
swing
The book is not in the library.
The book is not in the library.
You are banned from this library.
The user Cross has been banned from this library.
The definition is not in the book.
tightfisted
Name:Dictionar POR-KR Rating:3.500 Purchases:6
You are banned from this library.
The book is not in the library.
You are banned from this library.
Name:Dictionar JPN-FR Rating:3.800 Purchases:10
The definition is not in the book.
User is already registered.
Name:Dictionar NOR-HNG Rating:0.000 Purchases:0
You are banned from this library.
Name:Dictionar EN-NOR Rating:0.000 Purchases:0
User is already registered.
Name:Dictionar JPN-ESP Rating:3.667 Purchases:3
six
You have already borrowed a book.
Name:Dictionar JPN-CHN Rating:2.222 Purchases:9
Name:Dictionar FR-GR Rating:3.000 Purchases:1
The user Huck has been banned from this library.
The book is borrowed.
Name:Dictionar IT-HNG Rating:4.000 Purchases:1
greet
The book is borrowed.
User is already registered.
You are banned from this library.
You are banned from this library.
The book is not in the library.
cobweb
Name:Dictionar ESP-EN Rating:3.333 Purchases:3
Name:Dictionar IT-AR Rating:5.000 Purchases:1
Name:Dictionar POR-KR Rating:3.500 Purchases:6
Name:Dictionar IND-POR Rating:0.000 Purchases:0
The book is not in the library.
The user Tracie has been banned from this library.
The definition is not in the book.
Name:Dictionar HIN-GR Rating:2.944 Purchases:18
The user Robinson has been banned from this library.
The book is not in the library.
Name:Dictionar NOR-ESP Rating:0.000 Purchases:0
The user Haberl has been banned from this library.
You are banned from this library.
You are banned from this library.
The definition is not in the book.
You are banned from this library.
shame
ignorant
The user Ricky has been banned from this library.
You are banned from this library.
The user Sparks has been banned from this library.
You are banned from this library.
You are banned from this library.
Name:Dictionar AR-HIN Rating:2.364 Purchases:11
Name:Dictionar EN-IT Rating:3.833 Purchases:6
Name:Dictionar HIN-FR Rating:0.000 Purchases:0
User is already registered.
The user Ingoglia has been banned from this library.
Name:Dictionar IT-NOR Rating:3.444 Purchases:9
decorate
The user Simonette has been banned from this library.
Name:Dictionar FR-IT Rating:0.000 Purchases:0
Name:Dictionar KR-RUS Rating:4.000 Purchases:2
You have already borrowed a book.
You have already borrowed a book.
The definition is not in the book.
The book is not in the library.
The definition is not in the book.
The book is borrowed.
You are banned from this library.
Name:Dictionar EN-HIN Rating:3.000 Purchases:10
The user Miss has been banned from this library.
The book is not in the library.
User is already registered.
The definition is not in the book.
You are banned from this library.
library
Name:Dictionar KR-CHN Rating:3.500 Purchases:10
Name:Dictionar POR-DTH Rating:2.929 Purchases:14
The user Cinnamon has been banned from this library.
You are banned from this library.
The user Carmine has been banned from this library.
You are banned from this library.
Name:Dictionar FR-ESP Rating:1.500 Purchases:4
Name:Dictionar HIN-GR Rating:2.944 Purchases:18
Name:Dictionar HIN-NOR Rating:2.000 Purchases:1
You are banned from this library.
gamy
Name:Dictionar RUS-HNG Rating:3.250 Purchases:4
Name:Dictionar GR-IND Rating:2.833 Purchases:6
rate
Name:Dictionar EN-HIN Rating:3.000 Purchases:10
The book is not in the library.
thank
Name:Dictionar IND-EN Rating:3.667 Purchases:3
Name:Dictionar ESP-TR Rating:2.667 Purchases:3
User is already registered.
The definition is not in the book.
The user Collins has been banned from this library.
User is already registered.
economic
The book is not in the library.
capricious
Name:Dictionar GR-IND Rating:2.833 Purchases:6
User is already registered.
The user Teodoor has been banned from this library.
synonymous
You are banned from this library.
Name:Dictionar RO-GR Rating:0.000 Purchases:0
You are banned from this library.
You are banned from this library.
User is already registered.
pin
Name:Dictionar EN-CHN Rating:5.000 Purchases:1
The book is not in the library.
neck
The book is not in the library.
Name:Dictionar HIN-EN Rating:2.667 Purchases:3
The definition is not in the book.
The definition is not in the book.
The book is not in the library.
Name:Dictionar POR-ESP Rating:3.667 Purchases:3
The user Mietz has been banned from this library.
vein
You are banned from this library.
The book is not in the library.
Name:Dictionar RO-FR Rating:0.000 Purchases:0
The user Kozminski has been banned from this library.
You have already borrowed a book.
You are banned from this library.
You are banned from this library.
The book is borrowed.
forgetful
The book is not in the library.
The book is not in the library.
You have already borrowed a book.
The book is not in the library.
You are banned from this library.
cumbersome
The user Tolton has been banned from this library.
The user Allene has been banned from this library.
You are banned from this library.
The book is not in the library.
The book is not in the library.
The book is not in the library.
The book is not in the library.
You have already borrowed a book.
You are banned from this library.
You are banned from this library.
The book is not in the library.
User is already registered.
User is already registered.
The book is not in the library.
You are banned from this library.
neighborly
The book is not in the library.
The book is not in the library.
Name:Dictionar HNG-EN Rating:2.000 Purchases:2
real
Name:Dictionar FR-ESP Rating:2.714 Purchases:7
The book is not in the library.
User is already registered.
Name:Dictionar EN-POR Rating:4.000 Purchases:2
Name:Dictionar RO-KR Rating:1.800 Purchases:5
You are banned from this library.
Name:Dictionar POR-DTH Rating:2.800 Purchases:15
You are banned from this library.
horse
The user Lord has been banned from this library.
You are banned from this library.
You are banned from this library.
You have already borrowed a book.
Name:Dictionar POR-CHN Rating:2.333 Purchases:3
The definition is not in the book.
The book is not in the library.
cultured
Name:Dictionar EN-IT Rating:3.833 Purchases:6
Name:Dictionar ESP-RUS Rating:3.500 Purchases:2
The definition is not in the book.
shiver
Name:Dictionar JPN-POR Rating:0.000 Purchases:0
Name:Dictionar RUS-IT Rating:0.000 Purchases:0
The definition is not in the book.
Name:Dictionar NOR-CHN Rating:3.429 Purchases:7
The book is not in the library.
painful
You are banned from this library.
User is already registered.
You are banned from this library.
The user Bentley has been banned from this library.
Name:Dictionar RO-KR Rating:1.800 Purchases:5
Name:Dictionar IND-IT Rating:0.000 Purchases:0
The user Libby has been banned from this library.
The book is borrowed.
You are banned from this library.
User is already registered.
Name:Dictionar EN-HIN Rating:2.818 Purchases:11
The user Hilliary has been banned from this library.
friendly
You are banned from this library.
The user Ibarra has been banned from this library.
The user Monica has been banned from this library.
The book is not in the library.
Name:Dictionar DTH-GR Rating:2.500 Purchases:10
The user Olia has been banned from this library.
You have already borrowed a book.
Name:Dictionar RO-KR Rating:1.800 Purchases:5
You have already borrowed a book.
The definition is not in the book.
The user Parson has been banned from this library.
Name:Dictionar KR-DTH Rating:0.000 Purchases:0
Name:Dictionar DTH-TR Rating:3.250 Purchases:4
You are not registered yet.
The definition is not in the book.
The user Martini has been banned from this library.
You are banned from this library.
Name:Dictionar RUS-CHN Rating:4.000 Purchases:2
Name:Dictionar JPN-RUS Rating:0.000 Purchases:0
The book is not in the library.
tightfisted
You have already borrowed a book.
User is already registered.
The book is not in the library.
The user Frost has been banned from this library.
The book is not in the library.
The user Andary has been banned from this library.
You are banned from this library.
You are banned from this library.
Name:Dictionar RO-HIN Rating:5.000 Purchases:1
Name:Dictionar IT-NOR Rating:3.444 Purchases:9
Name:Dictionar IT-GR Rating:4.000 Purchases:2
Name:Dictionar EN-HIN Rating:2.818 Purchases:11
You are banned from this library.
You are banned from this library.
Name:Dictionar NOR-HIN Rating:3.500 Purchases:2
Name:Dictionar EN-JPN Rating:3.154 Purchases:13
The book is borrowed.
Name:Dictionar KR-IT Rating:0.000 Purchases:0
Name:Dictionar RUS-IT Rating:3.000 Purchases:1
The user Ana has been banned from this library.
Name:Dictionar TR-FR Rating:3.091 Purchases:11
Name:Dictionar DTH-FR Rating:0.000 Purchases:0
The user Dickson has been banned from this library.
The definition is not in the book.
The book is not in the library.
The book is not in the library.
attend
disturbed
The book is not in the library.
The definition is not in the book.
simple
You are banned from this library.
The user Morgana has been banned from this library.
You are banned from this library.
The book is not in the library.
You are banned from this library.
The user Estes has been banned from this library.
The book is not in the library.
You have already borrowed a book.
Name:Dictionar HIN-EN Rating:2.800 Purchases:5
User is already registered.
The definition is not in the book.
The definition is not in the book.
You have already borrowed a book.
You are banned from this library.
The user Laria has been banned from this library.
Name:Dictionar EN-HIN Rating:2.833 Purchases:12
impartial
You are banned from this library.
Name:Dictionar HIN-RO Rating:5.000 Purchases:1
Name:Dictionar KR-DTH Rating:0.000 Purchases:0
team
fluffy
The definition is not in the book.
Books ranking:
1. Name:Dictionar FR-EN Rating:5.000 Purchases:2
2. Name:Dictionar AR-ESP Rating:5.000 Purchases:1
3. Name:Dictionar AR-IND Rating:5.000 Purchases:1
4. Name:Dictionar ESP-IND Rating:5.000 Purchases:1
5. Name:Dictionar HIN-RO Rating:5.000 Purchases:1
6. Name:Dictionar FR-DTH Rating:4.750 Purchases:4
7. Name:Dictionar DTH-NOR Rating:4.667 Purchases:3
8. Name:Dictionar TR-JPN Rating:4.500 Purchases:4
9. Name:Dictionar HIN-FR Rating:4.500 Purchases:2
10. Name:Dictionar RO-HIN Rating:4.500 Purchases:2
11. Name:Dictionar EN-CHN Rating:4.333 Purchases:3
12. Name:Dictionar HNG-CHN Rating:4.000 Purchases:5
13. Name:Dictionar POR-ESP Rating:4.000 Purchases:4
14. Name:Dictionar KR-EN Rating:4.000 Purchases:3
15. Name:Dictionar RUS-CHN Rating:4.000 Purchases:3
16. Name:Dictionar IT-GR Rating:4.000 Purchases:2
17. Name:Dictionar GR-CHN Rating:4.000 Purchases:1
18. Name:Dictionar IT-HNG Rating:4.000 Purchases:1
19. Name:Dictionar EN-IT Rating:3.833 Purchases:6
20. Name:Dictionar IND-EN Rating:3.800 Purchases:5
21. Name:Dictionar RUS-TR Rating:3.750 Purchases:4
22. Name:Dictionar JPN-FR Rating:3.727 Purchases:11
23. Name:Dictionar KR-ESP Rating:3.667 Purchases:3
24. Name:Dictionar NOR-CHN Rating:3.625 Purchases:8
25. Name:Dictionar RUS-NOR Rating:3.571 Purchases:14
26. Name:Dictionar GR-IT Rating:3.500 Purchases:16
27. Name:Dictionar ESP-RUS Rating:3.500 Purchases:2
28. Name:Dictionar IND-CHN Rating:3.500 Purchases:2
29. Name:Dictionar IT-CHN Rating:3.500 Purchases:2
30. Name:Dictionar NOR-HIN Rating:3.500 Purchases:2
31. Name:Dictionar IT-NOR Rating:3.444 Purchases:9
32. Name:Dictionar POR-KR Rating:3.429 Purchases:7
33. Name:Dictionar CHN-TR Rating:3.400 Purchases:5
34. Name:Dictionar KR-FR Rating:3.333 Purchases:6
35. Name:Dictionar CHN-HIN Rating:3.333 Purchases:3
36. Name:Dictionar ESP-EN Rating:3.333 Purchases:3
37. Name:Dictionar ESP-IT Rating:3.300 Purchases:20
38. Name:Dictionar RUS-IND Rating:3.278 Purchases:18
39. Name:Dictionar KR-CHN Rating:3.273 Purchases:11
40. Name:Dictionar HIN-HNG Rating:3.267 Purchases:15
41. Name:Dictionar DTH-TR Rating:3.250 Purchases:4
42. Name:Dictionar FR-RUS Rating:3.250 Purchases:4
43. Name:Dictionar GR-HNG Rating:3.250 Purchases:4
44. Name:Dictionar EN-JPN Rating:3.214 Purchases:14
45. Name:Dictionar AR-RUS Rating:3.211 Purchases:19
46. Name:Dictionar HNG-TR Rating:3.200 Purchases:5
47. Name:Dictionar RO-EN Rating:3.200 Purchases:5
48. Name:Dictionar TR-FR Rating:3.167 Purchases:12
49. Name:Dictionar NOR-RO Rating:3.100 Purchases:10
50. Name:Dictionar POR-HIN Rating:3.100 Purchases:10
51. Name:Dictionar HIN-GR Rating:3.000 Purchases:19
52. Name:Dictionar KR-GR Rating:3.000 Purchases:13
53. Name:Dictionar GR-IND Rating:3.000 Purchases:7
54. Name:Dictionar GR-DTH Rating:3.000 Purchases:4
55. Name:Dictionar IT-DTH Rating:3.000 Purchases:4
56. Name:Dictionar AR-IT Rating:3.000 Purchases:3
57. Name:Dictionar FR-GR Rating:3.000 Purchases:3
58. Name:Dictionar KR-RUS Rating:3.000 Purchases:3
59. Name:Dictionar IND-RO Rating:3.000 Purchases:2
60. Name:Dictionar IT-AR Rating:3.000 Purchases:2
61. Name:Dictionar POR-JPN Rating:3.000 Purchases:2
62. Name:Dictionar RO-IND Rating:3.000 Purchases:2
63. Name:Dictionar CHN-ESP Rating:3.000 Purchases:1
64. Name:Dictionar FR-IT Rating:3.000 Purchases:1
65. Name:Dictionar NOR-IND Rating:3.000 Purchases:1
66. Name:Dictionar RUS-IT Rating:3.000 Purchases:1
67. Name:Dictionar IT-FR Rating:2.923 Purchases:13
68. Name:Dictionar CHN-GR Rating:2.833 Purchases:12
69. Name:Dictionar EN-HIN Rating:2.833 Purchases:12
70. Name:Dictionar POR-RUS Rating:2.833 Purchases:6
71. Name:Dictionar JPN-IND Rating:2.818 Purchases:11
72. Name:Dictionar POR-DTH Rating:2.812 Purchases:16
73. Name:Dictionar HIN-EN Rating:2.800 Purchases:5
74. Name:Dictionar TR-NOR Rating:2.800 Purchases:5
75. Name:Dictionar CHN-DTH Rating:2.750 Purchases:8
76. Name:Dictionar ESP-TR Rating:2.750 Purchases:4
77. Name:Dictionar JPN-IT Rating:2.667 Purchases:6
78. Name:Dictionar POR-RO Rating:2.667 Purchases:6
79. Name:Dictionar AR-DTH Rating:2.667 Purchases:3
80. Name:Dictionar DTH-JPN Rating:2.667 Purchases:3
81. Name:Dictionar HIN-NOR Rating:2.667 Purchases:3
82. Name:Dictionar HNG-RUS Rating:2.667 Purchases:3
83. Name:Dictionar AR-FR Rating:2.611 Purchases:18
84. Name:Dictionar ESP-HNG Rating:2.571 Purchases:14
85. Name:Dictionar CHN-NOR Rating:2.556 Purchases:9
86. Name:Dictionar CHN-POR Rating:2.500 Purchases:4
87. Name:Dictionar ESP-AR Rating:2.500 Purchases:2
88. Name:Dictionar HIN-KR Rating:2.500 Purchases:2
89. Name:Dictionar JPN-KR Rating:2.429 Purchases:7
90. Name:Dictionar DTH-GR Rating:2.364 Purchases:11
91. Name:Dictionar IND-DTH Rating:2.333 Purchases:3
92. Name:Dictionar NOR-POR Rating:2.333 Purchases:3
93. Name:Dictionar POR-CHN Rating:2.333 Purchases:3
94. Name:Dictionar AR-HIN Rating:2.250 Purchases:12
95. Name:Dictionar JPN-CHN Rating:2.250 Purchases:12
96. Name:Dictionar CHN-HNG Rating:2.250 Purchases:4
97. Name:Dictionar RUS-EN Rating:2.000 Purchases:4
98. Name:Dictionar EN-IND Rating:2.000 Purchases:3
99. Name:Dictionar POR-EN Rating:2.000 Purchases:3
100. Name:Dictionar HNG-EN Rating:2.000 Purchases:2
101. Name:Dictionar POR-NOR Rating:2.000 Purchases:2
102. Name:Dictionar RO-CHN Rating:2.000 Purchases:2
103. Name:Dictionar TR-CHN Rating:2.000 Purchases:2
104. Name:Dictionar DTH-FR Rating:2.000 Purchases:1
105. Name:Dictionar EN-AR Rating:2.000 Purchases:1
106. Name:Dictionar HIN-RUS Rating:2.000 Purchases:1
107. Name:Dictionar IT-ESP Rating:2.000 Purchases:1
108. Name:Dictionar JPN-RUS Rating:2.000 Purchases:1
109. Name:Dictionar RUS-FR Rating:2.000 Purchases:1
110. Name:Dictionar RO-KR Rating:1.800 Purchases:5
111. Name:Dictionar NOR-FR Rating:1.667 Purchases:3
112. Name:Dictionar HIN-TR Rating:1.500 Purchases:2
113. Name:Dictionar JPN-HIN Rating:1.333 Purchases:3
114. Name:Dictionar TR-IND Rating:1.250 Purchases:4
115. Name:Dictionar HNG-DTH Rating:1.000 Purchases:1
116. Name:Dictionar IND-GR Rating:1.000 Purchases:1
117. Name:Dictionar IND-IT Rating:1.000 Purchases:1
118. Name:Dictionar IND-KR Rating:1.000 Purchases:1
119. Name:Dictionar AR-POR Rating:0.000 Purchases:0
120. Name:Dictionar CHN-KR Rating:0.000 Purchases:0
121. Name:Dictionar DTH-IND Rating:0.000 Purchases:0
122. Name:Dictionar DTH-RO Rating:0.000 Purchases:0
123. Name:Dictionar EN-NOR Rating:0.000 Purchases:0
124. Name:Dictionar ESP-RO Rating:0.000 Purchases:0
125. Name:Dictionar FR-JPN Rating:0.000 Purchases:0
126. Name:Dictionar GR-HIN Rating:0.000 Purchases:0
127. Name:Dictionar GR-POR Rating:0.000 Purchases:0
128. Name:Dictionar HIN-DTH Rating:0.000 Purchases:0
129. Name:Dictionar HNG-ESP Rating:0.000 Purchases:0
130. Name:Dictionar HNG-NOR Rating:0.000 Purchases:0
131. Name:Dictionar IND-HIN Rating:0.000 Purchases:0
132. Name:Dictionar IND-POR Rating:0.000 Purchases:0
133. Name:Dictionar JPN-NOR Rating:0.000 Purchases:0
134. Name:Dictionar JPN-POR Rating:0.000 Purchases:0
135. Name:Dictionar KR-DTH Rating:0.000 Purchases:0
136. Name:Dictionar KR-IT Rating:0.000 Purchases:0
137. Name:Dictionar NOR-ESP Rating:0.000 Purchases:0
138. Name:Dictionar POR-IT Rating:0.000 Purchases:0
139. Name:Dictionar RO-FR Rating:0.000 Purchases:0
140. Name:Dictionar RO-POR Rating:0.000 Purchases:0
141. Name:Dictionar RUS-AR Rating:0.000 Purchases:0
142. Name:Dictionar RUS-DTH Rating:0.000 Purchases:0
143. Name:Dictionar TR-KR Rating:0.000 Purchases:0
Users ranking:
1. Name:Coletta Points:289
2. Name:Ortega Points:212
3. Name:Bass Points:168
4. Name:Nemeroff Points:162
5. Name:Lorrayne Points:159
6. Name:Vern Points:148
7. Name:Charles Points:147
8. Name:Randee Points:147
9. Name:Pientka Points:146
10. Name:Haney Points:142
11. Name:Stockham Points:142
12. Name:Jaclyn Points:130
13. Name:Johns Points:129
14. Name:Ludewig Points:129
15. Name:Katerine Points:128
16. Name:Kuechler Points:126
17. Name:Neilson Points:126
18. Name:Pam Points:126
19. Name:Chandal Points:125
20. Name:Katrinka Points:123
21. Name:Frix Points:122
22. Name:Aurelia Points:113
23. Name:Joanne Points:112
24. Name:Woodhull Points:108
25. Name:Darci Points:105
26. Name:Mathews Points:104
27. Name:Tasha Points:101
28. Name:Bertsch Points:100
29. Name:Davidson Points:100
30. Name:Jordon Points:100
31. Name:Kleman Points:100
32. Name:Montes Points:100
33. Name:Morrison Points:100
34. Name:Nolder Points:100
35. Name:Pena Points:100
36. Name:Samuela Points:100
37. Name:Savannah Points:100
38. Name:Timothy Points:100
39. Name:Wade Points:100
40. Name:Zane Points:100
41. Name:Bard Points:98
42. Name:Josepha Points:94
43. Name:Amrhein Points:92
44. Name:Marvin Points:92
45. Name:Claude Points:86
46. Name:Pieroni Points:83
47. Name:Blithe Points:82
48. Name:Fred Points:79
49. Name:Lady Points:75
50. Name:Elliott Points:74
51. Name:Kaylee Points:74
52. Name:Kirk Points:68
53. Name:Merritt Points:68
54. Name:Lahiff Points:67
55. Name:Sarena Points:63
56. Name:Pennewell Points:59
57. Name:Galicia Points:58
58. Name:Malone Points:55
59. Name:Herve Points:50
60. Name:Konrad Points:49
61. Name:Gould Points:42
62. Name:Patchen Points:41
63. Name:Marchetti Points:40
64. Name:Ritter Points:40
65. Name:Wicker Points:40
66. Name:Holt Points:32
67. Name:Dulcy Points:30
68. Name:Vincent Points:30
69. Name:Rahul Points:25
70. Name:Waylen Points:20
71. Name:Fahy Points:19
72. Name:Gwendolen Points:4
73. Name:Hoover Points:3
