offbeat
Name:Dictionar GR-CHN Rating:0.000 Purchases:0
The book is not in the library.
Name:Dictionar GR-CHN Rating:0.000 Purchases:0
Name:Dictionar HIN-EN Rating:0.000 Purchases:0
abnormal
You are not registered yet.
The book is not in the library.
obsolete
expensive
combative
Name:Dictionar HIN-EN Rating:3.500 Purchases:2
The book is not in the library.
tender
loss
Name:Dictionar GR-CHN Rating:3.000 Purchases:2
Name:Dictionar HIN-EN Rating:3.500 Purchases:2
Name:Dictionar HIN-EN Rating:3.500 Purchases:2
Name:Dictionar GR-CHN Rating:3.000 Purchases:2
Name:Dictionar HIN-FR Rating:2.500 Purchases:2
amusing
The book is not in the library.
Name:Dictionar HIN-FR Rating:1.750 Purchases:4
Name:Dictionar KR-NOR Rating:0.000 Purchases:0
The book is not in the library.
bitter
Name:Dictionar HIN-EN Rating:3.429 Purchases:7
The definition is not in the book.
copper
copper
Name:Dictionar RO-KR Rating:0.000 Purchases:0
The definition is not in the book.
Name:Dictionar RO-FR Rating:5.000 Purchases:1
The book is not in the library.
User is already registered.
The book is not in the library.
The book is not in the library.
Name:Dictionar KR-NOR Rating:3.833 Purchases:6
The definition is not in the book.
The book is not in the library.
The user Finlinson has been banned from this library.
Name:Dictionar KR-NOR Rating:3.714 Purchases:7
Name:Dictionar GR-DTH Rating:2.333 Purchases:3
lick
Name:Dictionar RO-FR Rating:2.750 Purchases:4
The book is not in the library.
Name:Dictionar POR-HNG Rating:3.000 Purchases:1
The book is not in the library.
The book is not in the library.
The book is not in the library.
gate
The book is not in the library.
Name:Dictionar ESP-DTH Rating:0.000 Purchases:0
Name:Dictionar EN-NOR Rating:0.000 Purchases:0
Name:Dictionar IT-JPN Rating:1.000 Purchases:1
User is already registered.
The book is not in the library.
Name:Dictionar DTH-GR Rating:4.000 Purchases:1
Name:Dictionar KR-NOR Rating:3.875 Purchases:8
Name:Dictionar IT-JPN Rating:1.000 Purchases:1
The book is not in the library.
bottle
The book is not in the library.
Name:Dictionar ESP-DTH Rating:0.000 Purchases:0
The book is not in the library.
Name:Dictionar KR-NOR Rating:3.875 Purchases:8
torpid
User is already registered.
The book is not in the library.
Name:Dictionar AR-TR Rating:0.000 Purchases:0
You are banned from this library.
The book is not in the library.
tongue
Name:Dictionar ESP-JPN Rating:5.000 Purchases:1
The definition is not in the book.
Name:Dictionar NOR-FR Rating:5.000 Purchases:1
The book is not in the library.
The book is not in the library.
The book is not in the library.
Name:Dictionar ESP-JPN Rating:5.000 Purchases:1
Name:Dictionar RO-CHN Rating:0.000 Purchases:0
believe
Name:Dictionar TR-KR Rating:2.667 Purchases:3
The definition is not in the book.
You are banned from this library.
Name:Dictionar TR-KR Rating:2.667 Purchases:3
You are not registered yet.
The book is not in the library.
Name:Dictionar DTH-GR Rating:3.667 Purchases:3
flash
The user Guthman has been banned from this library.
The user Finley has been banned from this library.
The book is not in the library.
sigh
Name:Dictionar ESP-DTH Rating:3.250 Purchases:4
The definition is not in the book.
quirky
trick
You are banned from this library.
chance
The book is not in the library.
Name:Dictionar HIN-DTH Rating:1.000 Purchases:1
Name:Dictionar HIN-DTH Rating:1.000 Purchases:1
The book is not in the library.
The book is not in the library.
Name:Dictionar NOR-FR Rating:4.000 Purchases:3
You are banned from this library.
User is already registered.
The book is not in the library.
The user Kelcie has been banned from this library.
You have already borrowed a book.
The book is not in the library.
Name:Dictionar FR-DTH Rating:2.000 Purchases:1
Name:Dictionar TR-KR Rating:2.667 Purchases:6
The book is borrowed.
The book is not in the library.
Name:Dictionar DTH-GR Rating:3.667 Purchases:3
Name:Dictionar RO-CHN Rating:2.000 Purchases:2
The book is not in the library.
abusive
Name:Dictionar POR-KR Rating:4.000 Purchases:2
The definition is not in the book.
sense
You are not registered yet.
The user Briana has been banned from this library.
The book is not in the library.
Name:Dictionar POR-AR Rating:3.000 Purchases:6
Name:Dictionar TR-KR Rating:3.000 Purchases:7
Name:Dictionar IND-JPN Rating:3.500 Purchases:2
Name:Dictionar RO-AR Rating:0.000 Purchases:0
You have already borrowed a book.
The book is borrowed.
depend
The user Bernelle has been banned from this library.
The book is borrowed.
wound
Name:Dictionar ESP-IND Rating:0.000 Purchases:0
Name:Dictionar POR-AR Rating:3.143 Purchases:7
list
User is already registered.
You are banned from this library.
You are not registered yet.
Name:Dictionar HNG-FR Rating:0.000 Purchases:0
The book is not in the library.
The definition is not in the book.
Name:Dictionar GR-KR Rating:0.000 Purchases:0
The book is not in the library.
Name:Dictionar DTH-EN Rating:0.000 Purchases:0
The book is not in the library.
uneven
Name:Dictionar CHN-EN Rating:0.000 Purchases:0
Name:Dictionar ESP-DTH Rating:3.857 Purchases:7
Name:Dictionar POR-NOR Rating:0.000 Purchases:0
The book is not in the library.
Name:Dictionar IT-ESP Rating:0.000 Purchases:0
Name:Dictionar POR-KR Rating:3.750 Purchases:4
sprout
The user Rojas has been banned from this library.
The book is not in the library.
Name:Dictionar NOR-JPN Rating:3.250 Purchases:8
The definition is not in the book.
User is already registered.
User is already registered.
Name:Dictionar IND-JPN Rating:3.500 Purchases:2
The user Thomas has been banned from this library.
broken
The book is not in the library.
The book is not in the library.
The book is not in the library.
The user Terrye has been banned from this library.
Name:Dictionar NOR-RO Rating:3.000 Purchases:1
User is already registered.
Name:Dictionar ESP-RO Rating:3.750 Purchases:4
lewd
Name:Dictionar DTH-GR Rating:4.000 Purchases:4
Name:Dictionar RUS-NOR Rating:2.000 Purchases:1
Name:Dictionar DTH-GR Rating:4.000 Purchases:4
Name:Dictionar IT-ESP Rating:3.000 Purchases:1
The book is not in the library.
The user Keane has been banned from this library.
User is already registered.
The user Franklin has been banned from this library.
Name:Dictionar DTH-GR Rating:4.000 Purchases:4
nonchalant
The user Angelica has been banned from this library.
The definition is not in the book.
User is already registered.
Name:Dictionar POR-KR Rating:3.833 Purchases:6
small
Name:Dictionar IND-HIN Rating:5.000 Purchases:1
Name:Dictionar RO-AR Rating:2.000 Purchases:2
The user Shelly has been banned from this library.
Name:Dictionar JPN-RO Rating:0.000 Purchases:0
You have already borrowed a book.
Name:Dictionar POR-ESP Rating:1.000 Purchases:1
The book is not in the library.
Name:Dictionar ESP-RO Rating:3.750 Purchases:4
Name:Dictionar CHN-IND Rating:0.000 Purchases:0
Name:Dictionar CHN-HIN Rating:2.500 Purchases:2
Name:Dictionar DTH-GR Rating:3.400 Purchases:5
Name:Dictionar NOR-RO Rating:3.000 Purchases:1
cloth
The book is not in the library.
Name:Dictionar TR-NOR Rating:4.000 Purchases:1
Name:Dictionar TR-NOR Rating:4.000 Purchases:1
The book is not in the library.
The book is not in the library.
The user Norma has been banned from this library.
The book is not in the library.
The book is not in the library.
The user Lana has been banned from this library.
The definition is not in the book.
The book is not in the library.
abrupt
border
The user Parson has been banned from this library.
You are banned from this library.
Name:Dictionar DTH-EN Rating:0.000 Purchases:0
You are not registered yet.
The definition is not in the book.
Name:Dictionar JPN-RO Rating:0.000 Purchases:0
User is already registered.
Name:Dictionar IT-JPN Rating:0.000 Purchases:0
The book is borrowed.
reduce
Name:Dictionar FR-RUS Rating:5.000 Purchases:1
fry
repulsive
The book is not in the library.
The book is not in the library.
roll
Name:Dictionar ESP-IND Rating:1.333 Purchases:3
Name:Dictionar CHN-IND Rating:1.000 Purchases:1
The book is not in the library.
Name:Dictionar DTH-RUS Rating:4.000 Purchases:1
Name:Dictionar HNG-FR Rating:1.000 Purchases:2
Name:Dictionar FR-RUS Rating:5.000 Purchases:1
Name:Dictionar IT-ESP Rating:4.000 Purchases:2
The book is not in the library.
Name:Dictionar POR-NOR Rating:2.333 Purchases:3
The book is not in the library.
Name:Dictionar ESP-IND Rating:1.333 Purchases:3
fireman
control
Name:Dictionar DTH-EN Rating:0.000 Purchases:0
The book is not in the library.
The user Hendler has been banned from this library.
lumber
Name:Dictionar ESP-JPN Rating:3.000 Purchases:10
Name:Dictionar POR-FR Rating:0.000 Purchases:0
The user Britney has been banned from this library.
The definition is not in the book.
behave
The book is not in the library.
The book is not in the library.
The user Lotti has been banned from this library.
User is already registered.
You have already borrowed a book.
sweet
The definition is not in the book.
Name:Dictionar RUS-NOR Rating:2.333 Purchases:3
Name:Dictionar DTH-EN Rating:4.000 Purchases:1
User is already registered.
zany
The book is borrowed.
You are banned from this library.
The definition is not in the book.
creature
The book is not in the library.
The user Burgess has been banned from this library.
insurance
Name:Dictionar RUS-GR Rating:0.000 Purchases:0
crime
The book is not in the library.
Name:Dictionar HIN-EN Rating:2.000 Purchases:2
borrow
The definition is not in the book.
The book is not in the library.
The book is not in the library.
Name:Dictionar RUS-ESP Rating:3.333 Purchases:9
You have already borrowed a book.
Name:Dictionar DTH-GR Rating:3.333 Purchases:9
bury
The user Shelia has been banned from this library.
Name:Dictionar GR-KR Rating:3.000 Purchases:5
User is already registered.
The book is not in the library.
object
The book is not in the library.
The user Breena has been banned from this library.
Name:Dictionar NOR-JPN Rating:3.000 Purchases:13
You have already borrowed a book.
Name:Dictionar HNG-EN Rating:0.000 Purchases:0
You have already borrowed a book.
User is already registered.
The user Johnathan has been banned from this library.
Name:Dictionar FR-RUS Rating:4.750 Purchases:4
You are banned from this library.
The book is not in the library.
Name:Dictionar NOR-FR Rating:2.000 Purchases:2
The book is not in the library.
User is already registered.
The book is not in the library.
Name:Dictionar DTH-GR Rating:3.333 Purchases:9
abnormal
The definition is not in the book.
Name:Dictionar IND-DTH Rating:3.625 Purchases:8
Name:Dictionar RUS-ESP Rating:3.333 Purchases:9
Name:Dictionar POR-KR Rating:2.800 Purchases:10
The user Skube has been banned from this library.
Name:Dictionar GR-KR Rating:3.000 Purchases:5
Name:Dictionar ESP-EN Rating:3.500 Purchases:2
The book is borrowed.
Name:Dictionar GR-HNG Rating:3.000 Purchases:6
Name:Dictionar DTH-RUS Rating:3.667 Purchases:3
Name:Dictionar POR-NOR Rating:2.500 Purchases:4
Name:Dictionar HIN-POR Rating:4.000 Purchases:1
The user Barker has been banned from this library.
User is already registered.
Name:Dictionar ESP-IND Rating:2.143 Purchases:7
Name:Dictionar CHN-HIN Rating:3.000 Purchases:6
capable
The book is not in the library.
You have already borrowed a book.
flavor
Name:Dictionar KR-JPN Rating:1.500 Purchases:2
The user Jose has been banned from this library.
Name:Dictionar KR-JPN Rating:1.500 Purchases:2
User is already registered.
You are not registered yet.
User is already registered.
You have already borrowed a book.
Name:Dictionar DTH-GR Rating:3.333 Purchases:9
You have already borrowed a book.
silver
The book is not in the library.
The book is not in the library.
Name:Dictionar NOR-HIN Rating:1.000 Purchases:1
The user Brandt has been banned from this library.
The book is not in the library.
Name:Dictionar POR-AR Rating:3.000 Purchases:19
The definition is not in the book.
science
The book is not in the library.
space
teaching
Name:Dictionar POR-AR Rating:3.000 Purchases:19
resonant
You are not registered yet.
Name:Dictionar TR-IND Rating:0.000 Purchases:0
wish
Name:Dictionar CHN-HIN Rating:3.000 Purchases:6
Name:Dictionar DTH-EN Rating:2.750 Purchases:4
fork
Name:Dictionar HNG-HIN Rating:3.778 Purchases:9
mysterious
The book is not in the library.
The user Crispin has been banned from this library.
The definition is not in the book.
Name:Dictionar ESP-EN Rating:3.500 Purchases:2
Name:Dictionar RO-RUS Rating:5.000 Purchases:1
The definition is not in the book.
The book is not in the library.
The user Stephine has been banned from this library.
The user Kister has been banned from this library.
stone
User is already registered.
The book is not in the library.
The definition is not in the book.
The book is not in the library.
Name:Dictionar KR-IT Rating:0.000 Purchases:0
You are banned from this library.
song
melted
The book is not in the library.
The user Trescha has been banned from this library.
borrow
The definition is not in the book.
The book is not in the library.
Name:Dictionar NOR-HIN Rating:3.667 Purchases:3
Name:Dictionar KR-TR Rating:4.000 Purchases:1
The book is not in the library.
fill
User is already registered.
Name:Dictionar GR-POR Rating:3.500 Purchases:2
You have already borrowed a book.
edge
Name:Dictionar RO-RUS Rating:3.000 Purchases:3
Name:Dictionar ESP-RO Rating:0.000 Purchases:0
The book is borrowed.
You are not registered yet.
Name:Dictionar IND-JPN Rating:2.600 Purchases:10
The book is not in the library.
shave
dime
The definition is not in the book.
Name:Dictionar ESP-IND Rating:2.500 Purchases:8
The definition is not in the book.
The user Scull has been banned from this library.
The user Lamborn has been banned from this library.
Name:Dictionar TR-NOR Rating:2.900 Purchases:10
Name:Dictionar KR-CHN Rating:2.000 Purchases:1
The book is not in the library.
You have already borrowed a book.
Name:Dictionar KR-TR Rating:4.000 Purchases:1
The user Cuadrado has been banned from this library.
Name:Dictionar JPN-RO Rating:3.000 Purchases:4
The user Vang has been banned from this library.
User is already registered.
library
The book is not in the library.
Name:Dictionar POR-ESP Rating:2.556 Purchases:9
Name:Dictionar ESP-TR Rating:2.000 Purchases:1
Name:Dictionar TR-DTH Rating:0.000 Purchases:0
The definition is not in the book.
rambunctious
The user Hommes has been banned from this library.
The book is not in the library.
The book is not in the library.
drain
The book is borrowed.
Name:Dictionar HIN-NOR Rating:2.500 Purchases:6
The book is not in the library.
User is already registered.
Name:Dictionar POR-NOR Rating:2.667 Purchases:6
Name:Dictionar TR-ESP Rating:0.000 Purchases:0
Name:Dictionar CHN-FR Rating:1.500 Purchases:2
You are banned from this library.
The book is not in the library.
Name:Dictionar NOR-FR Rating:3.000 Purchases:5
Name:Dictionar KR-NOR Rating:0.000 Purchases:0
The book is not in the library.
The user Eaton has been banned from this library.
You are banned from this library.
You are banned from this library.
Name:Dictionar GR-HNG Rating:2.714 Purchases:7
Name:Dictionar KR-NOR Rating:0.000 Purchases:0
pricey
fanatical
Name:Dictionar NOR-RO Rating:3.800 Purchases:5
Name:Dictionar HIN-DTH Rating:3.500 Purchases:4
subtract
muddled
Name:Dictionar TR-DTH Rating:5.000 Purchases:1
Name:Dictionar POR-ESP Rating:2.556 Purchases:9
Name:Dictionar RO-GR Rating:0.000 Purchases:0
Name:Dictionar NOR-RO Rating:3.800 Purchases:5
Name:Dictionar IT-NOR Rating:2.500 Purchases:2
The definition is not in the book.
piquant
User is already registered.
Name:Dictionar KR-RO Rating:0.000 Purchases:0
User is already registered.
ambitious
Name:Dictionar POR-AR Rating:3.000 Purchases:19
You are banned from this library.
Name:Dictionar KR-HNG Rating:2.000 Purchases:1
new
Name:Dictionar RO-JPN Rating:2.000 Purchases:1
The book is not in the library.
workable
The book is not in the library.
The book is not in the library.
Name:Dictionar GR-JPN Rating:2.000 Purchases:1
The book is not in the library.
Name:Dictionar DTH-RO Rating:4.000 Purchases:3
The definition is not in the book.
Name:Dictionar DTH-GR Rating:3.231 Purchases:13
The definition is not in the book.
The definition is not in the book.
Name:Dictionar CHN-HIN Rating:3.125 Purchases:8
third
Name:Dictionar NOR-HIN Rating:3.833 Purchases:6
You are banned from this library.
The definition is not in the book.
The user Nels has been banned from this library.
The book is not in the library.
unbiased
The definition is not in the book.
Name:Dictionar HIN-IND Rating:2.000 Purchases:2
Name:Dictionar CHN-HIN Rating:3.111 Purchases:9
You are banned from this library.
The book is not in the library.
bawdy
Name:Dictionar TR-ESP Rating:5.000 Purchases:1
development
The book is not in the library.
The definition is not in the book.
Name:Dictionar KR-NOR Rating:0.000 Purchases:0
The book is not in the library.
You are banned from this library.
slap
Name:Dictionar FR-CHN Rating:2.000 Purchases:1
future
queen
The book is not in the library.
You have already borrowed a book.
The book is borrowed.
Name:Dictionar ESP-TR Rating:2.000 Purchases:2
The book is borrowed.
doubt
You are not registered yet.
The book is not in the library.
Name:Dictionar DTH-EN Rating:2.800 Purchases:5
Name:Dictionar ESP-EN Rating:4.250 Purchases:4
drab
Name:Dictionar TR-IND Rating:1.000 Purchases:2
The book is not in the library.
The book is not in the library.
Name:Dictionar TR-FR Rating:0.000 Purchases:0
Name:Dictionar TR-ESP Rating:3.500 Purchases:2
Name:Dictionar DTH-HNG Rating:3.000 Purchases:3
hot
The user Hart has been banned from this library.
Name:Dictionar KR-IT Rating:2.000 Purchases:1
Name:Dictionar EN-DTH Rating:3.500 Purchases:2
overt
overconfident
Name:Dictionar TR-ESP Rating:3.500 Purchases:2
Name:Dictionar IND-RUS Rating:4.000 Purchases:1
skinny
The book is not in the library.
makeshift
You have already borrowed a book.
The user Simpson has been banned from this library.
rat
avoid
Name:Dictionar AR-IND Rating:3.250 Purchases:4
Name:Dictionar CHN-HIN Rating:3.111 Purchases:9
You are banned from this library.
Name:Dictionar IT-NOR Rating:3.000 Purchases:3
Name:Dictionar ESP-EN Rating:4.250 Purchases:4
Name:Dictionar ESP-HIN Rating:2.000 Purchases:1
You have already borrowed a book.
Name:Dictionar POR-NOR Rating:2.571 Purchases:7
Name:Dictionar RO-TR Rating:3.000 Purchases:2
Name:Dictionar AR-GR Rating:1.500 Purchases:4
Name:Dictionar EN-IND Rating:0.000 Purchases:0
User is already registered.
The user McPhatter has been banned from this library.
Name:Dictionar KR-HNG Rating:2.000 Purchases:1
The book is not in the library.
The user Santos has been banned from this library.
The book is not in the library.
You have already borrowed a book.
Name:Dictionar JPN-RO Rating:3.250 Purchases:8
The book is not in the library.
Name:Dictionar ESP-DTH Rating:1.000 Purchases:1
Name:Dictionar IT-EN Rating:2.000 Purchases:1
User is already registered.
Name:Dictionar GR-KR Rating:0.000 Purchases:0
The user Bolich has been banned from this library.
painstaking
The book is not in the library.
disapprove
connection
Name:Dictionar KR-NOR Rating:2.000 Purchases:1
You have already borrowed a book.
borrow
smile
User is already registered.
The definition is not in the book.
The user Leonanie has been banned from this library.
Name:Dictionar NOR-HNG Rating:3.000 Purchases:1
mailbox
Name:Dictionar ESP-CHN Rating:2.000 Purchases:1
Name:Dictionar AR-HIN Rating:2.000 Purchases:1
Name:Dictionar HNG-CHN Rating:3.000 Purchases:5
The user Kothe has been banned from this library.
You have already borrowed a book.
Name:Dictionar AR-IND Rating:3.250 Purchases:4
Name:Dictionar AR-CHN Rating:2.000 Purchases:1
courageous
Name:Dictionar CHN-IND Rating:2.455 Purchases:11
amused
The definition is not in the book.
angry
The user Janice has been banned from this library.
Name:Dictionar RUS-AR Rating:2.500 Purchases:4
Name:Dictionar TR-RUS Rating:0.000 Purchases:0
Name:Dictionar DTH-HNG Rating:3.000 Purchases:3
fierce
Name:Dictionar POR-ESP Rating:2.700 Purchases:10
Name:Dictionar EN-DTH Rating:3.667 Purchases:3
dogs
User is already registered.
Name:Dictionar HIN-POR Rating:3.000 Purchases:6
The definition is not in the book.
Name:Dictionar ESP-EN Rating:4.200 Purchases:5
The user Omar has been banned from this library.
Name:Dictionar POR-NOR Rating:2.571 Purchases:7
Name:Dictionar TR-IND Rating:1.750 Purchases:4
You are banned from this library.
well-to-do
The user Keith has been banned from this library.
The book is not in the library.
You are banned from this library.
The definition is not in the book.
room
The definition is not in the book.
You have already borrowed a book.
ratty
The book is not in the library.
Name:Dictionar KR-TR Rating:3.000 Purchases:4
Name:Dictionar RO-ESP Rating:0.000 Purchases:0
Name:Dictionar HIN-DTH Rating:3.500 Purchases:6
The book is not in the library.
The user Summer has been banned from this library.
The book is not in the library.
The user Hou has been banned from this library.
Name:Dictionar IT-JPN Rating:2.333 Purchases:3
You are banned from this library.
Name:Dictionar FR-KR Rating:0.000 Purchases:0
humdrum
coil
You are banned from this library.
The user Fornash has been banned from this library.
Name:Dictionar ESP-DTH Rating:2.000 Purchases:2
Name:Dictionar AR-CHN Rating:2.500 Purchases:2
stomach
You are not registered yet.
Name:Dictionar HNG-IT Rating:0.000 Purchases:0
The user Wisse has been banned from this library.
The book is not in the library.
The user Jennings has been banned from this library.
Name:Dictionar HNG-JPN Rating:2.400 Purchases:5
Name:Dictionar DTH-NOR Rating:2.333 Purchases:3
The user Poole has been banned from this library.
The user Johan has been banned from this library.
The book is not in the library.
Name:Dictionar GR-HNG Rating:2.667 Purchases:9
Name:Dictionar TR-ESP Rating:3.000 Purchases:3
Name:Dictionar IND-NOR Rating:2.000 Purchases:1
The user Rhona has been banned from this library.
User is already registered.
Name:Dictionar AR-POR Rating:3.000 Purchases:2
Name:Dictionar AR-CHN Rating:2.500 Purchases:2
infamous
Name:Dictionar NOR-RO Rating:3.875 Purchases:8
truculent
User is already registered.
Name:Dictionar ESP-KR Rating:5.000 Purchases:1
Name:Dictionar POR-ESP Rating:2.818 Purchases:11
Name:Dictionar AR-HIN Rating:2.000 Purchases:1
Name:Dictionar KR-CHN Rating:2.000 Purchases:3
Name:Dictionar JPN-POR Rating:1.000 Purchases:2
The book is not in the library.
You have already borrowed a book.
You are not registered yet.
The book is not in the library.
The book is borrowed.
The book is not in the library.
The book is not in the library.
The user Tarrah has been banned from this library.
Name:Dictionar ESP-HIN Rating:2.500 Purchases:2
Name:Dictionar TR-FR Rating:2.500 Purchases:2
Name:Dictionar RO-GR Rating:5.000 Purchases:1
The book is not in the library.
The definition is not in the book.
The book is not in the library.
Name:Dictionar FR-KR Rating:2.000 Purchases:2
The book is not in the library.
The book is not in the library.
The book is not in the library.
User is already registered.
Name:Dictionar AR-GR Rating:2.286 Purchases:7
The book is not in the library.
The book is not in the library.
User is already registered.
The user Gary has been banned from this library.
The book is not in the library.
trucks
Books ranking:
1. Name:Dictionar ESP-KR Rating:5.000 Purchases:1
2. Name:Dictionar FR-EN Rating:5.000 Purchases:1
3. Name:Dictionar RO-GR Rating:5.000 Purchases:1
4. Name:Dictionar RUS-JPN Rating:5.000 Purchases:1
5. Name:Dictionar EN-RUS Rating:4.500 Purchases:2
6. Name:Dictionar GR-TR Rating:4.500 Purchases:2
7. Name:Dictionar ESP-EN Rating:4.333 Purchases:6
8. Name:Dictionar FR-IT Rating:4.000 Purchases:1
9. Name:Dictionar FR-TR Rating:4.000 Purchases:1
10. Name:Dictionar HNG-IT Rating:4.000 Purchases:1
11. Name:Dictionar NOR-RO Rating:3.875 Purchases:8
12. Name:Dictionar IT-NOR Rating:3.600 Purchases:5
13. Name:Dictionar GR-POR Rating:3.500 Purchases:4
14. Name:Dictionar KR-RO Rating:3.500 Purchases:2
15. Name:Dictionar HIN-DTH Rating:3.429 Purchases:7
16. Name:Dictionar AR-CHN Rating:3.333 Purchases:3
17. Name:Dictionar RO-TR Rating:3.333 Purchases:3
18. Name:Dictionar IND-HIN Rating:3.286 Purchases:7
19. Name:Dictionar DTH-HNG Rating:3.250 Purchases:4
20. Name:Dictionar JPN-RO Rating:3.200 Purchases:10
21. Name:Dictionar KR-TR Rating:3.167 Purchases:6
22. Name:Dictionar HNG-CHN Rating:3.125 Purchases:8
23. Name:Dictionar DTH-GR Rating:3.071 Purchases:14
24. Name:Dictionar CHN-FR Rating:3.000 Purchases:8
25. Name:Dictionar DTH-EN Rating:3.000 Purchases:7
26. Name:Dictionar IND-JPN Rating:3.000 Purchases:3
27. Name:Dictionar IND-NOR Rating:3.000 Purchases:3
28. Name:Dictionar TR-ESP Rating:3.000 Purchases:3
29. Name:Dictionar EN-RO Rating:3.000 Purchases:2
30. Name:Dictionar KR-HNG Rating:3.000 Purchases:2
31. Name:Dictionar AR-RUS Rating:3.000 Purchases:1
32. Name:Dictionar EN-HIN Rating:3.000 Purchases:1
33. Name:Dictionar GR-KR Rating:3.000 Purchases:1
34. Name:Dictionar POR-JPN Rating:3.000 Purchases:1
35. Name:Dictionar TR-RUS Rating:3.000 Purchases:1
36. Name:Dictionar POR-AR Rating:2.955 Purchases:22
37. Name:Dictionar KR-JPN Rating:2.833 Purchases:6
38. Name:Dictionar POR-ESP Rating:2.818 Purchases:11
39. Name:Dictionar JPN-IT Rating:2.800 Purchases:5
40. Name:Dictionar TR-NOR Rating:2.750 Purchases:12
41. Name:Dictionar POR-NOR Rating:2.750 Purchases:8
42. Name:Dictionar TR-AR Rating:2.750 Purchases:8
43. Name:Dictionar CHN-IND Rating:2.692 Purchases:13
44. Name:Dictionar AR-POR Rating:2.667 Purchases:3
45. Name:Dictionar EN-IND Rating:2.667 Purchases:3
46. Name:Dictionar ESP-RO Rating:2.667 Purchases:3
47. Name:Dictionar GR-JPN Rating:2.600 Purchases:5
48. Name:Dictionar IT-FR Rating:2.571 Purchases:7
49. Name:Dictionar HIN-NOR Rating:2.500 Purchases:10
50. Name:Dictionar RUS-AR Rating:2.500 Purchases:4
51. Name:Dictionar ESP-HIN Rating:2.500 Purchases:2
52. Name:Dictionar TR-FR Rating:2.500 Purchases:2
53. Name:Dictionar HNG-FR Rating:2.429 Purchases:14
54. Name:Dictionar TR-IND Rating:2.400 Purchases:5
55. Name:Dictionar DTH-NOR Rating:2.333 Purchases:3
56. Name:Dictionar AR-GR Rating:2.286 Purchases:7
57. Name:Dictionar ESP-TR Rating:2.250 Purchases:4
58. Name:Dictionar FR-CHN Rating:2.250 Purchases:4
59. Name:Dictionar IT-JPN Rating:2.250 Purchases:4
60. Name:Dictionar JPN-POR Rating:2.000 Purchases:3
61. Name:Dictionar NOR-HNG Rating:2.000 Purchases:3
62. Name:Dictionar ESP-DTH Rating:2.000 Purchases:2
63. Name:Dictionar FR-KR Rating:2.000 Purchases:2
64. Name:Dictionar IT-EN Rating:2.000 Purchases:2
65. Name:Dictionar AR-HIN Rating:2.000 Purchases:1
66. Name:Dictionar DTH-CHN Rating:2.000 Purchases:1
67. Name:Dictionar ESP-CHN Rating:2.000 Purchases:1
68. Name:Dictionar RO-KR Rating:2.000 Purchases:1
69. Name:Dictionar IT-POR Rating:1.000 Purchases:1
70. Name:Dictionar NOR-JPN Rating:1.000 Purchases:1
71. Name:Dictionar RO-DTH Rating:1.000 Purchases:1
72. Name:Dictionar DTH-IND Rating:0.000 Purchases:0
73. Name:Dictionar EN-ESP Rating:0.000 Purchases:0
74. Name:Dictionar EN-HNG Rating:0.000 Purchases:0
75. Name:Dictionar EN-KR Rating:0.000 Purchases:0
76. Name:Dictionar FR-POR Rating:0.000 Purchases:0
77. Name:Dictionar HNG-POR Rating:0.000 Purchases:0
78. Name:Dictionar POR-IND Rating:0.000 Purchases:0
79. Name:Dictionar RO-EN Rating:0.000 Purchases:0
80. Name:Dictionar RO-ESP Rating:0.000 Purchases:0
Users ranking:
1. Name:Annamaria Points:193
2. Name:Haage Points:169
3. Name:Faustina Points:158
4. Name:Alvarez Points:155
5. Name:Spencer Points:152
6. Name:Hearld Points:140
7. Name:Frank Points:133
8. Name:Friedrick Points:131
9. Name:Leah Points:128
10. Name:Lynda Points:127
11. Name:Pauly Points:122
12. Name:Merissa Points:118
13. Name:Carney Points:117
14. Name:Cassidy Points:115
15. Name:Caron Points:107
16. Name:Salazar Points:105
17. Name:PhD Points:104
18. Name:Walsh Points:104
19. Name:Augustus Points:103
20. Name:Novy Points:101
21. Name:Beverlee Points:100
22. Name:Brammell Points:100
23. Name:Brandise Points:100
24. Name:Cardona Points:100
25. Name:Gordon Points:100
26. Name:Masterman Points:100
27. Name:Merced Points:100
28. Name:Rossano Points:100
29. Name:Thiess Points:100
30. Name:Twyla Points:100
31. Name:Barca Points:92
32. Name:Benjamin Points:92
33. Name:Erman Points:92
34. Name:Erin Points:90
35. Name:Pearson Points:89
36. Name:Stephanie Points:88
37. Name:Morales Points:84
38. Name:Henrich Points:83
39. Name:Andre Points:82
40. Name:Jessi Points:82
41. Name:Darrell Points:75
42. Name:Mckinney Points:73
43. Name:Dew Points:72
44. Name:Wilcox Points:70
45. Name:Pineda Points:68
46. Name:Gamble Points:63
47. Name:Kathy Points:61
48. Name:Ara Points:59
49. Name:Wandrey Points:52
50. Name:Konopa Points:51
51. Name:Mason Points:50
52. Name:Debs Points:48
53. Name:Henriette Points:48
54. Name:Pace Points:48
55. Name:Ermentrude Points:46
56. Name:Zonda Points:38
57. Name:Pennewell Points:36
58. Name:Cunningham Points:32
59. Name:Bowers Points:30
60. Name:Bruce Points:29
61. Name:Jordain Points:22
62. Name:Phillis Points:22
63. Name:Gardner Points:17
64. Name:Debbie Points:15
65. Name:Strawderman Points:15
66. Name:Ashton Points:12
67. Name:Callahan Points:1
