Name:Dictionar GR-HNG Rating:0.000 Purchases:0
Name:Dictionar GR-HNG Rating:0.000 Purchases:0
The book is not in the library.
Name:Dictionar IT-TR Rating:0.000 Purchases:0
Name:Dictionar RUS-AR Rating:0.000 Purchases:0
The book is not in the library.
realize
nebulous
The book is not in the library.
You have already borrowed a book.
devilish
You have already borrowed a book.
act
Name:Dictionar AR-CHN Rating:4.500 Purchases:2
Name:Dictionar GR-HNG Rating:3.000 Purchases:6
The book is not in the library.
steep
Name:Dictionar GR-IT Rating:0.000 Purchases:0
devilish
The user Glynn has been banned from this library.
Name:Dictionar FR-CHN Rating:4.000 Purchases:1
The book is not in the library.
Name:Dictionar POR-HIN Rating:0.000 Purchases:0
death
Name:Dictionar RUS-AR Rating:3.800 Purchases:5
strap
The book is not in the library.
The definition is not in the book.
The definition is not in the book.
achiever
The definition is not in the book.
Name:Dictionar RUS-AR Rating:3.800 Purchases:5
Name:Dictionar RUS-AR Rating:3.800 Purchases:5
voracious
The definition is not in the book.
haircut
Name:Dictionar HNG-JPN Rating:2.000 Purchases:3
You have already borrowed a book.
The book is borrowed.
The book is not in the library.
The book is borrowed.
The book is not in the library.
terrific
The book is not in the library.
Name:Dictionar POR-HIN Rating:0.000 Purchases:0
The book is not in the library.
The book is not in the library.
User is already registered.
The book is not in the library.
Name:Dictionar HIN-IND Rating:2.667 Purchases:3
Name:Dictionar HNG-CHN Rating:0.000 Purchases:0
Name:Dictionar FR-CHN Rating:3.200 Purchases:5
shallow
The definition is not in the book.
Name:Dictionar HNG-JPN Rating:1.750 Purchases:4
The book is not in the library.
nice
The book is not in the library.
You have already borrowed a book.
The book is not in the library.
The book is not in the library.
The definition is not in the book.
Name:Dictionar RUS-AR Rating:4.000 Purchases:7
The definition is not in the book.
You are banned from this library.
Name:Dictionar AR-HNG Rating:4.333 Purchases:3
The book is not in the library.
The book is not in the library.
The book is not in the library.
The book is not in the library.
money
Name:Dictionar ESP-NOR Rating:0.000 Purchases:0
You have already borrowed a book.
Name:Dictionar HIN-IND Rating:2.667 Purchases:3
The book is not in the library.
The book is not in the library.
The definition is not in the book.
The book is borrowed.
Name:Dictionar AR-CHN Rating:3.333 Purchases:3
The definition is not in the book.
The user Dentinger has been banned from this library.
The user Riane has been banned from this library.
The user Morton has been banned from this library.
Name:Dictionar POR-HIN Rating:5.000 Purchases:3
The book is not in the library.
The book is not in the library.
Name:Dictionar RO-IND Rating:0.000 Purchases:0
Name:Dictionar AR-CHN Rating:3.000 Purchases:4
The user Simpson has been banned from this library.
deceive
The user Watts has been banned from this library.
undress
Name:Dictionar POR-DTH Rating:3.500 Purchases:2
Name:Dictionar JPN-POR Rating:4.000 Purchases:1
Name:Dictionar TR-FR Rating:4.500 Purchases:4
You are banned from this library.
Name:Dictionar RUS-AR Rating:3.333 Purchases:9
pastoral
doll
You have already borrowed a book.
You are banned from this library.
sky
grandiose
monkey
The book is not in the library.
Name:Dictionar KR-JPN Rating:3.800 Purchases:5
The book is not in the library.
Name:Dictionar AR-HNG Rating:3.750 Purchases:4
The book is not in the library.
Name:Dictionar HIN-AR Rating:0.000 Purchases:0
Name:Dictionar CHN-AR Rating:5.000 Purchases:1
whine
Name:Dictionar GR-KR Rating:1.500 Purchases:2
obsolete
children
User is already registered.
Name:Dictionar TR-FR Rating:4.000 Purchases:5
The book is not in the library.
brass
The book is not in the library.
deadpan
User is already registered.
steel
Name:Dictionar AR-CHN Rating:2.833 Purchases:6
The definition is not in the book.
The book is not in the library.
The book is not in the library.
lazy
crown
one
The book is not in the library.
activity
The user Rendahl has been banned from this library.
mist
You are banned from this library.
Name:Dictionar ESP-IND Rating:1.000 Purchases:1
Name:Dictionar FR-CHN Rating:3.600 Purchases:10
The definition is not in the book.
The book is not in the library.
Name:Dictionar HIN-POR Rating:2.500 Purchases:2
The book is not in the library.
The book is not in the library.
Name:Dictionar HIN-AR Rating:4.000 Purchases:1
The definition is not in the book.
The user Emmalynn has been banned from this library.
moaning
reproduce
The book is not in the library.
challenge
The book is borrowed.
Name:Dictionar RUS-POR Rating:0.000 Purchases:0
airport
travel
furtive
joyous
chief
The definition is not in the book.
Name:Dictionar IT-JPN Rating:0.000 Purchases:0
Name:Dictionar FR-CHN Rating:3.600 Purchases:10
Name:Dictionar DTH-RO Rating:0.000 Purchases:0
The book is borrowed.
Name:Dictionar AR-CHN Rating:2.571 Purchases:7
Name:Dictionar HNG-POR Rating:3.000 Purchases:1
Name:Dictionar DTH-JPN Rating:2.000 Purchases:1
The book is borrowed.
The book is not in the library.
Name:Dictionar IT-IND Rating:0.000 Purchases:0
The book is not in the library.
simple
The definition is not in the book.
User is already registered.
Name:Dictionar RUS-AR Rating:3.500 Purchases:12
Name:Dictionar ESP-IND Rating:2.333 Purchases:3
Name:Dictionar GR-KR Rating:3.250 Purchases:4
The book is not in the library.
wren
kaput
Name:Dictionar RO-IND Rating:2.000 Purchases:1
Name:Dictionar HNG-POR Rating:3.000 Purchases:1
The book is not in the library.
The book is not in the library.
The user Pennewell has been banned from this library.
Name:Dictionar FR-CHN Rating:3.636 Purchases:11
User is already registered.
Name:Dictionar AR-GR Rating:4.000 Purchases:5
impress
The definition is not in the book.
You have already borrowed a book.
You are banned from this library.
Name:Dictionar HNG-POR Rating:3.000 Purchases:1
The book is not in the library.
User is already registered.
The book is not in the library.
Name:Dictionar HNG-CHN Rating:2.200 Purchases:5
You have already borrowed a book.
You are banned from this library.
You are banned from this library.
The definition is not in the book.
You are banned from this library.
Name:Dictionar HNG-POR Rating:3.000 Purchases:1
Name:Dictionar ESP-IND Rating:3.400 Purchases:5
Name:Dictionar DTH-GR Rating:1.333 Purchases:3
hour
The user Carol has been banned from this library.
User is already registered.
The book is not in the library.
Name:Dictionar KR-JPN Rating:3.444 Purchases:9
Name:Dictionar AR-HNG Rating:3.333 Purchases:6
Name:Dictionar ESP-RO Rating:0.000 Purchases:0
The book is not in the library.
purring
User is already registered.
Name:Dictionar AR-RUS Rating:3.000 Purchases:2
The book is not in the library.
glorious
Name:Dictionar AR-RUS Rating:3.000 Purchases:2
The book is not in the library.
The book is borrowed.
Name:Dictionar POR-EN Rating:4.500 Purchases:2
Name:Dictionar EN-POR Rating:3.400 Purchases:15
The book is not in the library.
Books ranking:
1. Name:Dictionar CHN-FR Rating:5.000 Purchases:1
2. Name:Dictionar POR-EN Rating:4.500 Purchases:2
3. Name:Dictionar IND-RO Rating:4.333 Purchases:3
4. Name:Dictionar HIN-AR Rating:4.000 Purchases:4
5. Name:Dictionar RO-KR Rating:4.000 Purchases:2
6. Name:Dictionar NOR-TR Rating:4.000 Purchases:1
7. Name:Dictionar GR-KR Rating:3.833 Purchases:6
8. Name:Dictionar KR-TR Rating:3.625 Purchases:8
9. Name:Dictionar KR-JPN Rating:3.600 Purchases:10
10. Name:Dictionar HIN-RUS Rating:3.600 Purchases:5
11. Name:Dictionar EN-POR Rating:3.400 Purchases:15
12. Name:Dictionar ESP-IND Rating:3.400 Purchases:5
13. Name:Dictionar RUS-AR Rating:3.357 Purchases:14
14. Name:Dictionar AR-HNG Rating:3.333 Purchases:6
15. Name:Dictionar FR-CHN Rating:3.308 Purchases:13
16. Name:Dictionar CHN-RO Rating:3.250 Purchases:4
17. Name:Dictionar AR-CHN Rating:3.000 Purchases:10
18. Name:Dictionar JPN-POR Rating:3.000 Purchases:5
19. Name:Dictionar AR-RUS Rating:3.000 Purchases:2
20. Name:Dictionar AR-NOR Rating:3.000 Purchases:1
21. Name:Dictionar HNG-POR Rating:3.000 Purchases:1
22. Name:Dictionar RUS-POR Rating:3.000 Purchases:1
23. Name:Dictionar FR-EN Rating:2.800 Purchases:5
24. Name:Dictionar AR-DTH Rating:2.667 Purchases:12
25. Name:Dictionar HNG-JPN Rating:2.667 Purchases:12
26. Name:Dictionar CHN-AR Rating:2.667 Purchases:3
27. Name:Dictionar AR-JPN Rating:2.500 Purchases:2
28. Name:Dictionar HIN-POR Rating:2.500 Purchases:2
29. Name:Dictionar NOR-IT Rating:2.500 Purchases:2
30. Name:Dictionar HNG-CHN Rating:2.000 Purchases:6
31. Name:Dictionar JPN-DTH Rating:2.000 Purchases:2
32. Name:Dictionar CHN-GR Rating:2.000 Purchases:1
33. Name:Dictionar RO-IND Rating:2.000 Purchases:1
34. Name:Dictionar DTH-GR Rating:1.333 Purchases:3
35. Name:Dictionar NOR-DTH Rating:1.000 Purchases:1
36. Name:Dictionar DTH-RO Rating:0.000 Purchases:0
37. Name:Dictionar ESP-RO Rating:0.000 Purchases:0
38. Name:Dictionar FR-TR Rating:0.000 Purchases:0
39. Name:Dictionar RUS-RO Rating:0.000 Purchases:0
Users ranking:
1. Name:McCrossen Points:157
2. Name:Yalonda Points:145
3. Name:Martha Points:132
4. Name:Shelia Points:128
5. Name:Thistlethwaite Points:127
6. Name:Jacky Points:112
7. Name:Sonya Points:108
8. Name:Reginald Points:105
9. Name:Bears Points:100
10. Name:Colin Points:100
11. Name:Karim Points:100
12. Name:Mike Points:100
13. Name:Miles Points:100
14. Name:Molina Points:100
15. Name:Sprengel Points:100
16. Name:Vaswani Points:100
17. Name:Lauren Points:98
18. Name:Alpa Points:94
19. Name:Kellerhals Points:90
20. Name:Margaret Points:88
21. Name:Jerry Points:87
22. Name:Andersen Points:86
23. Name:Brittany Points:85
24. Name:Marc Points:84
25. Name:Galyon Points:82
26. Name:Young Points:81
27. Name:McKenny Points:76
28. Name:Marchelle Points:75
29. Name:Purdie Points:70
30. Name:McConathy Points:69
31. Name:Adrian Points:58
32. Name:Valenzuela Points:56
33. Name:Marilyn Points:55
34. Name:Barnes Points:51
35. Name:Natalie Points:45
36. Name:Coulston Points:22
37. Name:Halvard Points:9
38. Name:Mikayla Points:6
