Name:Dictionar AR-DTH Rating:0.000 Purchases:0
economic
Name:Dictionar JPN-GR Rating:0.000 Purchases:0
Name:Dictionar RO-FR Rating:0.000 Purchases:0
Name:Dictionar JPN-GR Rating:0.000 Purchases:0
harmony
Books ranking:
1. Name:Dictionar AR-DTH Rating:5.000 Purchases:1
2. Name:Dictionar JPN-GR Rating:4.000 Purchases:1
3. Name:Dictionar RO-FR Rating:3.000 Purchases:2
4. Name:Dictionar IND-NOR Rating:0.000 Purchases:0
Users ranking:
1. Name:Tipple Points:106
2. Name:Calderon Points:88
3. Name:Peck Points:45
