Name:Dictionar POR-GR Rating:0.000 Purchases:0
twig
desire
The book is not in the library.
The definition is not in the book.
The book is not in the library.
Name:Dictionar POR-GR Rating:0.000 Purchases:0
Name:Dictionar POR-GR Rating:5.000 Purchases:1
striped
dapper
red
The book is not in the library.
The book is not in the library.
The book is not in the library.
The book is not in the library.
Name:Dictionar DTH-FR Rating:0.000 Purchases:0
things
Name:Dictionar DTH-FR Rating:1.000 Purchases:1
The book is not in the library.
Name:Dictionar DTH-FR Rating:1.000 Purchases:1
Name:Dictionar DTH-FR Rating:1.000 Purchases:1
Name:Dictionar DTH-FR Rating:1.000 Purchases:1
Name:Dictionar IND-KR Rating:0.000 Purchases:0
Name:Dictionar DTH-FR Rating:1.500 Purchases:2
thank
The book is not in the library.
Name:Dictionar DTH-FR Rating:2.714 Purchases:7
The definition is not in the book.
Name:Dictionar DTH-FR Rating:2.714 Purchases:7
The book is not in the library.
locket
locket
Name:Dictionar NOR-RUS Rating:2.667 Purchases:3
Name:Dictionar NOR-RUS Rating:2.667 Purchases:3
Name:Dictionar TR-CHN Rating:4.000 Purchases:3
The book is not in the library.
User is already registered.
few
The book is not in the library.
soothe
Name:Dictionar NOR-RUS Rating:2.667 Purchases:6
Name:Dictionar FR-ESP Rating:0.000 Purchases:0
User is already registered.
color
inconclusive
Name:Dictionar HIN-RO Rating:3.000 Purchases:2
argue
The user Christian has been banned from this library.
basketball
The definition is not in the book.
Name:Dictionar HIN-RO Rating:3.667 Purchases:3
Name:Dictionar FR-ESP Rating:4.000 Purchases:2
You are banned from this library.
You are not registered yet.
You are banned from this library.
dashing
spurious
Name:Dictionar HIN-CHN Rating:0.000 Purchases:0
Name:Dictionar RO-POR Rating:3.000 Purchases:4
You are banned from this library.
Name:Dictionar RO-AR Rating:0.000 Purchases:0
The book is not in the library.
You are banned from this library.
care
Name:Dictionar RO-POR Rating:2.800 Purchases:5
The book is not in the library.
The user Jeremiah has been banned from this library.
Name:Dictionar NOR-IT Rating:0.000 Purchases:0
present
Name:Dictionar KR-FR Rating:1.000 Purchases:2
Name:Dictionar RUS-TR Rating:0.000 Purchases:0
well-made
Name:Dictionar CHN-KR Rating:0.000 Purchases:0
The definition is not in the book.
dashing
ultra
The user Schmitt has been banned from this library.
Name:Dictionar IT-AR Rating:3.000 Purchases:1
Name:Dictionar KR-FR Rating:1.000 Purchases:2
User is already registered.
The definition is not in the book.
Name:Dictionar CHN-KR Rating:5.000 Purchases:2
The book is not in the library.
You are not registered yet.
The book is not in the library.
User is already registered.
Name:Dictionar FR-ESP Rating:3.714 Purchases:7
Name:Dictionar ESP-KR Rating:2.143 Purchases:7
Name:Dictionar IND-FR Rating:3.000 Purchases:3
Name:Dictionar ESP-KR Rating:2.000 Purchases:8
The definition is not in the book.
The book is not in the library.
The book is not in the library.
Name:Dictionar GR-IND Rating:3.500 Purchases:2
impolite
Name:Dictionar HIN-RO Rating:3.375 Purchases:8
head
The user Goetzinger has been banned from this library.
thirsty
Name:Dictionar JPN-POR Rating:0.000 Purchases:0
Name:Dictionar ESP-KR Rating:2.000 Purchases:8
Name:Dictionar CHN-RUS Rating:0.000 Purchases:0
The book is not in the library.
Name:Dictionar RUS-TR Rating:1.000 Purchases:1
Name:Dictionar RO-POR Rating:2.700 Purchases:10
Name:Dictionar GR-IT Rating:0.000 Purchases:0
The book is not in the library.
Name:Dictionar AR-RO Rating:5.000 Purchases:2
abnormal
Name:Dictionar GR-TR Rating:4.000 Purchases:1
User is already registered.
Books ranking:
1. Name:Dictionar EN-GR Rating:5.000 Purchases:3
2. Name:Dictionar AR-RO Rating:5.000 Purchases:2
3. Name:Dictionar JPN-POR Rating:5.000 Purchases:1
4. Name:Dictionar CHN-KR Rating:4.333 Purchases:3
5. Name:Dictionar GR-TR Rating:4.000 Purchases:1
6. Name:Dictionar IND-IT Rating:4.000 Purchases:1
7. Name:Dictionar HIN-RO Rating:3.333 Purchases:9
8. Name:Dictionar RUS-TR Rating:3.000 Purchases:2
9. Name:Dictionar DTH-EN Rating:3.000 Purchases:1
10. Name:Dictionar IT-AR Rating:3.000 Purchases:1
11. Name:Dictionar RO-AR Rating:2.500 Purchases:4
12. Name:Dictionar ESP-KR Rating:2.000 Purchases:8
13. Name:Dictionar KR-FR Rating:1.500 Purchases:4
14. Name:Dictionar CHN-RUS Rating:0.000 Purchases:0
15. Name:Dictionar GR-IT Rating:0.000 Purchases:0
16. Name:Dictionar POR-IND Rating:0.000 Purchases:0
17. Name:Dictionar RO-CHN Rating:0.000 Purchases:0
Users ranking:
1. Name:Walls Points:129
2. Name:Villanueva Points:127
3. Name:Mueller Points:125
4. Name:Sparks Points:125
5. Name:Carie Points:119
6. Name:Thiess Points:103
7. Name:Jeffrey Points:102
8. Name:Cavanna Points:100
9. Name:Corey Points:100
10. Name:Cybel Points:100
11. Name:Duffey Points:100
12. Name:Keats Points:100
13. Name:Wolfe Points:100
14. Name:Nemeroff Points:92
15. Name:Virginia Points:90
16. Name:Cappetta Points:89
17. Name:Ruch Points:84
18. Name:Dana Points:81
19. Name:Hollis Points:79
20. Name:Zita Points:76
21. Name:Floyd Points:74
22. Name:Pace Points:74
23. Name:Asbury Points:70
24. Name:Traver Points:62
25. Name:Alison Points:41
26. Name:Horath Points:26
27. Name:Badgley Points:5
