vietate
Name:dex Rating:0.000 Purchases:0
The definition is not in the book.
Name:dex Rating:0.000 Purchases:0
The book is not in the library.
User is already registered.
bila
Name:dex Rating:0.000 Purchases:0
masa
Books ranking:
1. Name:dex Rating:3.667 Purchases:3
Users ranking:
1. Name:rappyzaur Points:102
2. Name:ana Points:89
