User is already registered.
The book is borrowed.
You didn't borrow this book.
Name:B1 Rating:3.333 Purchases:3
The user user1 has been banned from this library.
The book is not in the library.
Books ranking:
1. Name:B2 Rating:3.000 Purchases:1
2. Name:B3 Rating:2.000 Purchases:1
Users ranking:
1. Name:user4 Points:100
2. Name:ana Points:96
3. Name:user2 Points:96
