You are not registered yet.
You have already borrowed a book.
The book is not in the library.
The book is borrowed.
The book is borrowed.
You didn't borrow this book.
You didn't borrow this book.
You are not registered yet.
The user user1 has been banned from this library.
The book is not in the library.
You are banned from this library.
You are banned from this library.
You are banned from this library.
Name:B1 Rating:4.000 Purchases:1
Books ranking:
1. Name:B2 Rating:5.000 Purchases:1
2. Name:B1 Rating:4.000 Purchases:1
Users ranking:
1. Name:user4 Points:100
2. Name:user2 Points:92
3. Name:user3 Points:50
