frate
The book is not in the library.
Name:Urban Dictionary Rating:0.000 Purchases:0
User is already registered.
The book is borrowed.
You have already borrowed a book.
Name:Dictionar Roman-Englez Rating:3.500 Purchases:2
Name:Urban Dictionary Rating:0.000 Purchases:0
Name:Urban Dictionary Rating:1.000 Purchases:1
Books ranking:
1. Name:Dictionar Roman-Englez Rating:3.500 Purchases:2
2. Name:Urban Dictionary Rating:1.000 Purchases:1
Users ranking:
1. Name:SakNoel Points:104
2. Name:admin Points:70
